<html>
<body>
<pre>
<h1>µVision Build Log</h1>
<h2>Tool Versions:</h2>
IDE-Version: µVision V5.36.0.0
Copyright (C) 2021 ARM Ltd and ARM Germany GmbH. All rights reserved.
License Information: Bienhh Bienhh, Bienhh, LIC=WHYH9-4N66Z-FW82N-YZ8WC-46UJ0-RGQNA
 
Tool Versions:
Toolchain:       MDK-ARM Plus  Version: 5.36.0.0
Toolchain Path:  C:\Keil_v536\ARM\ARMCLANG\Bin
C Compiler:      ArmClang.exe V6.16
Assembler:       Armasm.exe V6.16
Linker/Locator:  ArmLink.exe V6.16
Library Manager: ArmAr.exe V6.16
Hex Converter:   FromElf.exe V6.16
CPU DLL:         SARMCM3.DLL V5.36.0.0
Dialog DLL:      DCM.DLL V1.17.3.0
Target DLL:      STLink\ST-LINKIII-KEIL_SWO.dll V3.0.9.0
Dialog DLL:      TCM.DLL V1.53.0.0
 
<h2>Project:</h2>
C:\Users\nguye\OneDrive\Documents\GitHub\SmartFram_Source-code\2.Sensor\2.Sensor_LUX_BH1750\Sensor_LUX_BH1750\Projects\NUCLEO-WL55JC\Applications\SubGHz_Phy\SubGHz_Phy_PingPong\MDK-ARM\SubGHz_Phy_PingPong.uvprojx
Project File Date:  06/09/2022

<h2>Output:</h2>
*** Using Compiler 'V6.16', folder: 'C:\Keil_v536\ARM\ARMCLANG\Bin'
Build target 'SubGHz_Phy_PingPong'
compiling lora_command.c...
compiling app_subghz_phy.c...
compiling subghz_phy_app.c...
compiling board_resources.c...
compiling dma.c...
compiling main.c...
compiling rtc.c...
compiling stm32_lpm_if.c...
compiling timer_if.c...
compiling stm32wlxx_hal_msp.c...
compiling stm32wlxx_it.c...
compiling subghz.c...
compiling sys_debug.c...
compiling sys_app.c...
compiling usart.c...
assembling startup_stm32wl55xx_cm4.s...
compiling i2c.c...
compiling usart_if.c...
compiling radio_board_if.c...
compiling system_stm32wlxx.c...
compiling stm32wlxx_nucleo_radio.c...
compiling stm32wlxx_nucleo.c...
compiling stm32wlxx_hal_adc_ex.c...
compiling stm32wlxx_hal.c...
compiling stm32wlxx_hal_adc.c...
compiling stm32wlxx_hal_cortex.c...
compiling stm32wlxx_hal_dma.c...
compiling stm32wlxx_hal_dma_ex.c...
compiling stm32wlxx_hal_exti.c...
compiling stm32wlxx_hal_flash.c...
compiling stm32wlxx_hal_flash_ex.c...
compiling stm32wlxx_hal_gpio.c...
compiling stm32wlxx_hal_pwr.c...
compiling stm32wlxx_hal_pwr_ex.c...
compiling stm32wlxx_hal_rcc_ex.c...
compiling stm32wlxx_hal_rcc.c...
compiling stm32wlxx_hal_rtc.c...
compiling stm32wlxx_hal_subghz.c...
compiling stm32wlxx_hal_rtc_ex.c...
compiling stm32wlxx_hal_uart_ex.c...
compiling stm32wlxx_hal_cryp_ex.c...
compiling stm32wlxx_hal_uart.c...
compiling stm32wlxx_hal_rng_ex.c...
compiling stm32wlxx_hal_rng.c...
compiling stm32wlxx_hal_cryp.c...
compiling stm32wlxx_hal_i2c_ex.c...
compiling stm32wlxx_hal_iwdg.c...
compiling radio.c...
compiling stm32wlxx_hal_i2c.c...
compiling radio_driver.c...
compiling stm32_lpm.c...
compiling stm32_mem.c...
compiling stm32_adv_trace.c...
compiling stm32_seq.c...
compiling stm32_systime.c...
compiling stm32_timer.c...
compiling stm32_tiny_vsnprintf.c...
compiling smartfram_JoinNetwork.c...
compiling smartfram_encryptionAES.c...
compiling smartfram_FlashSys.c...
compiling smartfram_Messeger.c...
compiling smartfram_Sensormax44009.c...
compiling smartfram_GPIO.c...
compiling smartfram_TimeCount.c...
compiling smartfram_SysInit.c...
compiling smartfram_Battery.c...
linking...
Program Size: Code=42128 RO-data=1216 RW-data=176 ZI-data=37760  
FromELF: creating hex file...
"SubGHz_Phy_PingPong\Exe\SubGHz_Phy_PingPong.axf" - 0 Error(s), 0 Warning(s).

<h2>Software Packages used:</h2>

Package Vendor: ARM
                http://www.keil.com/pack/ARM.CMSIS.5.8.0.pack
                ARM.CMSIS.5.8.0
                CMSIS (Common Microcontroller Software Interface Standard)
   * Component: CORE Version: 5.5.0

Package Vendor: Keil
                http://www.keil.com/pack/Keil.STM32WLxx_DFP.1.1.0.pack
                Keil.STM32WLxx_DFP.1.1.0
                STMicroelectronics STM32WL Series Device Support

<h2>Collection of Component include folders:</h2>
  .\RTE\_SubGHz_Phy_PingPong
  C:\Users\nguye\AppData\Local\Arm\Packs\ARM\CMSIS\5.8.0\CMSIS\Core\Include
  C:\Users\nguye\AppData\Local\Arm\Packs\Keil\STM32WLxx_DFP\1.1.0\Drivers\CMSIS\Device\ST\STM32WLxx\Include

<h2>Collection of Component Files used:</h2>

   * Component: ARM::CMSIS:CORE:5.5.0
      Include file:  CMSIS\Core\Include\tz_context.h
Build Time Elapsed:  00:00:19
</pre>
</body>
</html>
