Component: ARM Compiler 5.06 update 7 (build 960) Tool: armlink [4d3601]

==============================================================================

Section Cross References

    app_subghz_phy.o(i.MX_SubGHz_Phy_Init) refers to sys_app.o(i.SystemApp_Init) for SystemApp_Init
    app_subghz_phy.o(i.MX_SubGHz_Phy_Init) refers to subghz_phy_app.o(i.SubghzApp_Init) for SubghzApp_Init
    app_subghz_phy.o(i.MX_SubGHz_Phy_Process) refers to stm32_seq.o(i.UTIL_SEQ_Run) for UTIL_SEQ_Run
    subghz_phy_app.o(i.CmdProcessNotify) refers to stm32_seq.o(i.UTIL_SEQ_SetTask) for UTIL_SEQ_SetTask
    subghz_phy_app.o(i.FS_StopScan) refers to sys_app.o(i.HAL_Delay) for HAL_Delay
    subghz_phy_app.o(i.JoinNetworkTask_Process) refers to subghz_phy_app.o(i.FS_StopScan) for FS_StopScan
    subghz_phy_app.o(i.JoinNetworkTask_Process) refers to smartfram_command.o(.bss) for FlagCommandSYS
    subghz_phy_app.o(i.JoinNetworkTask_Process) refers to smartfram_flashsys.o(.data) for FlagSys_CheckModeRun
    subghz_phy_app.o(i.JoinNetworkTask_Process) refers to smartfram_sysinit.o(.data) for Sys_CountTime
    subghz_phy_app.o(i.JoinNetworkTask_Process) refers to smartfram_sysinit.o(.data) for Sys_VarAndStt
    subghz_phy_app.o(i.MessageReceive_Process) refers to smartfram_sysinit.o(i.MX_IWDG_Reload) for MX_IWDG_Reload
    subghz_phy_app.o(i.MessageReceive_Process) refers to smartfram_messeger.o(i.Smartfram_Messeger_GetDeviceToGetway) for Smartfram_Messeger_GetDeviceToGetway
    subghz_phy_app.o(i.MessageReceive_Process) refers to smartfram_joinnetwork.o(i.Smartfram_JoinNetWork_GetJoinDone) for Smartfram_JoinNetWork_GetJoinDone
    subghz_phy_app.o(i.MessageReceive_Process) refers to smartfram_joinnetwork.o(i.Smartfram_JoinNetWork_GetRequetst) for Smartfram_JoinNetWork_GetRequetst
    subghz_phy_app.o(i.MessageReceive_Process) refers to smartfram_joinnetwork.o(i.Smartfram_JoinNetWork_GetConfirm) for Smartfram_JoinNetWork_GetConfirm
    subghz_phy_app.o(i.MessageReceive_Process) refers to smartfram_flashsys.o(.data) for FlagSys_CheckModeRun
    subghz_phy_app.o(i.MessageReceive_Process) refers to subghz_phy_app.o(.data) for .data
    subghz_phy_app.o(i.MessageReceive_Process) refers to smartfram_sysinit.o(.data) for Sys_VarAndStt
    subghz_phy_app.o(i.MessageReceive_Process) refers to subghz_phy_app.o(.bss) for .bss
    subghz_phy_app.o(i.MessageReceive_Process) refers to smartfram_command.o(.bss) for FlagCommandSYS
    subghz_phy_app.o(i.MessageReceive_Process) refers to smartfram_sysinit.o(.data) for Sys_CountTime
    subghz_phy_app.o(i.MessageTransmission_Process) refers to smartfram_sysinit.o(i.MX_IWDG_Reload) for MX_IWDG_Reload
    subghz_phy_app.o(i.MessageTransmission_Process) refers to sys_app.o(i.HAL_Delay) for HAL_Delay
    subghz_phy_app.o(i.MessageTransmission_Process) refers to smartfram_messeger.o(i.Smartfram_Messeger_SendGetwayToDevice) for Smartfram_Messeger_SendGetwayToDevice
    subghz_phy_app.o(i.MessageTransmission_Process) refers to smartfram_command.o(i.Smartfram_Command_ScanACK) for Smartfram_Command_ScanACK
    subghz_phy_app.o(i.MessageTransmission_Process) refers to smartfram_joinnetwork.o(i.Smartfram_JoinNetWork_SendAccept) for Smartfram_JoinNetWork_SendAccept
    subghz_phy_app.o(i.MessageTransmission_Process) refers to subghz_phy_app.o(i.Sys_JoinNetwork_ReceiveMode) for Sys_JoinNetwork_ReceiveMode
    subghz_phy_app.o(i.MessageTransmission_Process) refers to smartfram_joinnetwork.o(i.Smartfram_JoinNetWork_SendCompleted) for Smartfram_JoinNetWork_SendCompleted
    subghz_phy_app.o(i.MessageTransmission_Process) refers to smartfram_flashsys.o(.data) for FlagSys_CheckModeRun
    subghz_phy_app.o(i.MessageTransmission_Process) refers to radio.o(.constdata) for Radio
    subghz_phy_app.o(i.MessageTransmission_Process) refers to smartfram_sysinit.o(.data) for Sys_VarAndStt
    subghz_phy_app.o(i.MessageTransmission_Process) refers to subghz_phy_app.o(i.Sys_JoinNetwork_TransmissionMode) for Sys_JoinNetwork_TransmissionMode
    subghz_phy_app.o(i.MessageTransmission_Process) refers to smartfram_flashsys.o(.bss) for Sys_GetwayFlashArrData
    subghz_phy_app.o(i.MessageTransmission_Process) refers to smartfram_flashsys.o(.data) for Sys_Page
    subghz_phy_app.o(i.OnRxDone) refers to memcpya.o(.text) for __aeabi_memcpy
    subghz_phy_app.o(i.OnRxDone) refers to stm32_seq.o(i.UTIL_SEQ_SetTask) for UTIL_SEQ_SetTask
    subghz_phy_app.o(i.OnRxDone) refers to radio.o(.constdata) for Radio
    subghz_phy_app.o(i.OnRxDone) refers to subghz_phy_app.o(.data) for .data
    subghz_phy_app.o(i.OnRxDone) refers to subghz_phy_app.o(.bss) for .bss
    subghz_phy_app.o(i.OnRxError) refers to stm32_seq.o(i.UTIL_SEQ_SetTask) for UTIL_SEQ_SetTask
    subghz_phy_app.o(i.OnRxError) refers to radio.o(.constdata) for Radio
    subghz_phy_app.o(i.OnRxTimeout) refers to stm32_seq.o(i.UTIL_SEQ_SetTask) for UTIL_SEQ_SetTask
    subghz_phy_app.o(i.OnRxTimeout) refers to radio.o(.constdata) for Radio
[...]
    RTC_Alarm_IRQHandler                     0x08004af5   Thumb Code     6  stm32wlxx_it.o(i.RTC_Alarm_IRQHandler)
    RTC_ByteToBcd2                           0x08004b01   Thumb Code    22  stm32wlxx_hal_rtc.o(i.RTC_ByteToBcd2)
    RTC_EnterInitMode                        0x08004b19   Thumb Code    72  stm32wlxx_hal_rtc.o(i.RTC_EnterInitMode)
    RTC_ExitInitMode                         0x08004b65   Thumb Code    84  stm32wlxx_hal_rtc.o(i.RTC_ExitInitMode)
    SEQ_BitPosition                          0x08005b5d   Thumb Code    46  stm32_seq.o(i.SEQ_BitPosition)
    SUBGHZSPI_Init                           0x08005b91   Thumb Code    32  stm32wlxx_hal_subghz.o(i.SUBGHZSPI_Init)
    SUBGHZSPI_Receive                        0x08005bb5   Thumb Code    82  stm32wlxx_hal_subghz.o(i.SUBGHZSPI_Receive)
    SUBGHZSPI_Transmit                       0x08005c11   Thumb Code    78  stm32wlxx_hal_subghz.o(i.SUBGHZSPI_Transmit)
    SUBGHZ_CheckDeviceReady                  0x08005c69   Thumb Code    34  stm32wlxx_hal_subghz.o(i.SUBGHZ_CheckDeviceReady)
    SUBGHZ_Radio_IRQHandler                  0x08005c8d   Thumb Code     6  stm32wlxx_it.o(i.SUBGHZ_Radio_IRQHandler)
    SUBGHZ_WaitOnBusy                        0x08005c99   Thumb Code    62  stm32wlxx_hal_subghz.o(i.SUBGHZ_WaitOnBusy)
    SUBGRF_Calibrate                         0x08005ce1   Thumb Code    72  radio_driver.o(i.SUBGRF_Calibrate)
    SUBGRF_CalibrateImage                    0x08005d2d   Thumb Code    98  radio_driver.o(i.SUBGRF_CalibrateImage)
    SUBGRF_GetOperatingMode                  0x08005da9   Thumb Code     6  radio_driver.o(i.SUBGRF_GetOperatingMode)
    SUBGRF_GetPacketStatus                   0x08005db5   Thumb Code   112  radio_driver.o(i.SUBGRF_GetPacketStatus)
    SUBGRF_GetPayload                        0x08005e2d   Thumb Code    46  radio_driver.o(i.SUBGRF_GetPayload)
    SUBGRF_GetRadioWakeUpTime                0x08005e5b   Thumb Code     4  radio_driver.o(i.SUBGRF_GetRadioWakeUpTime)
    SUBGRF_GetRandom                         0x08005e5f   Thumb Code    94  radio_driver.o(i.SUBGRF_GetRandom)
    SUBGRF_GetRssiInst                       0x08005ebd   Thumb Code    26  radio_driver.o(i.SUBGRF_GetRssiInst)
    SUBGRF_GetRxBufferStatus                 0x08005edd   Thumb Code    56  radio_driver.o(i.SUBGRF_GetRxBufferStatus)
    SUBGRF_Init                              0x08005f1d   Thumb Code    92  radio_driver.o(i.SUBGRF_Init)
    SUBGRF_ReadBuffer                        0x08005f7d   Thumb Code    12  radio_driver.o(i.SUBGRF_ReadBuffer)
    SUBGRF_ReadRegister                      0x08005f8d   Thumb Code    20  radio_driver.o(i.SUBGRF_ReadRegister)
    SUBGRF_ReadRegisters                     0x08005fa5   Thumb Code    12  radio_driver.o(i.SUBGRF_ReadRegisters)
    SUBGRF_SendPayload                       0x08005fb5   Thumb Code    18  radio_driver.o(i.SUBGRF_SendPayload)
    SUBGRF_SetBufferBaseAddress              0x08005fc9   Thumb Code    24  radio_driver.o(i.SUBGRF_SetBufferBaseAddress)
    SUBGRF_SetCad                            0x08005fe5   Thumb Code    22  radio_driver.o(i.SUBGRF_SetCad)
    SUBGRF_SetCrcPolynomial                  0x08006005   Thumb Code    34  radio_driver.o(i.SUBGRF_SetCrcPolynomial)
    SUBGRF_SetCrcSeed                        0x0800602d   Thumb Code    34  radio_driver.o(i.SUBGRF_SetCrcSeed)
    SUBGRF_SetDioIrqParams                   0x08006055   Thumb Code    56  radio_driver.o(i.SUBGRF_SetDioIrqParams)
    SUBGRF_SetLoRaSymbNumTimeout             0x08006091   Thumb Code    54  radio_driver.o(i.SUBGRF_SetLoRaSymbNumTimeout)
    SUBGRF_SetModulationParams               0x080060cd   Thumb Code   216  radio_driver.o(i.SUBGRF_SetModulationParams)
    SUBGRF_SetPaConfig                       0x080061b5   Thumb Code    32  radio_driver.o(i.SUBGRF_SetPaConfig)
    SUBGRF_SetPacketParams                   0x080061d9   Thumb Code   212  radio_driver.o(i.SUBGRF_SetPacketParams)
    SUBGRF_SetPacketType                     0x080062b5   Thumb Code    36  radio_driver.o(i.SUBGRF_SetPacketType)
    SUBGRF_SetPayload                        0x080062e1   Thumb Code    10  radio_driver.o(i.SUBGRF_SetPayload)
    SUBGRF_SetRegulatorMode                  0x080062ed   Thumb Code    30  radio_driver.o(i.SUBGRF_SetRegulatorMode)
    SUBGRF_SetRfFrequency                    0x08006311   Thumb Code    68  radio_driver.o(i.SUBGRF_SetRfFrequency)
    SUBGRF_SetRfTxPower                      0x08006361   Thumb Code    42  radio_driver.o(i.SUBGRF_SetRfTxPower)
    SUBGRF_SetRx                             0x0800638d   Thumb Code    38  radio_driver.o(i.SUBGRF_SetRx)
    SUBGRF_SetRxBoosted                      0x080063bd   Thumb Code    50  radio_driver.o(i.SUBGRF_SetRxBoosted)
    SUBGRF_SetRxDutyCycle                    0x080063f9   Thumb Code    54  radio_driver.o(i.SUBGRF_SetRxDutyCycle)
    SUBGRF_SetSleep                          0x08006439   Thumb Code    60  radio_driver.o(i.SUBGRF_SetSleep)
    SUBGRF_SetStandby                        0x0800647d   Thumb Code    32  radio_driver.o(i.SUBGRF_SetStandby)
    SUBGRF_SetStopRxTimerOnPreambleDetect    0x080064a5   Thumb Code    16  radio_driver.o(i.SUBGRF_SetStopRxTimerOnPreambleDetect)
    SUBGRF_SetSwitch                         0x080064b9   Thumb Code    40  radio_driver.o(i.SUBGRF_SetSwitch)
    SUBGRF_SetSyncWord                       0x080064e1   Thumb Code    18  radio_driver.o(i.SUBGRF_SetSyncWord)
    SUBGRF_SetTcxoMode                       0x080064f5   Thumb Code    40  radio_driver.o(i.SUBGRF_SetTcxoMode)
    SUBGRF_SetTx                             0x08006521   Thumb Code    38  radio_driver.o(i.SUBGRF_SetTx)
    SUBGRF_SetTxContinuousWave               0x08006551   Thumb Code    12  radio_driver.o(i.SUBGRF_SetTxContinuousWave)
    SUBGRF_SetTxInfinitePreamble             0x08006561   Thumb Code    12  radio_driver.o(i.SUBGRF_SetTxInfinitePreamble)
    SUBGRF_SetTxParams                       0x08006571   Thumb Code   144  radio_driver.o(i.SUBGRF_SetTxParams)
    SUBGRF_SetWhiteningSeed                  0x08006605   Thumb Code    52  radio_driver.o(i.SUBGRF_SetWhiteningSeed)
    SUBGRF_WriteBuffer                       0x0800663d   Thumb Code    12  radio_driver.o(i.SUBGRF_WriteBuffer)
    SUBGRF_WriteRegister                     0x0800664d   Thumb Code    16  radio_driver.o(i.SUBGRF_WriteRegister)
    SUBGRF_WriteRegisters                    0x08006661   Thumb Code    12  radio_driver.o(i.SUBGRF_WriteRegisters)
    SVC_Handler                              0x08006671   Thumb Code     2  stm32wlxx_it.o(i.SVC_Handler)
    Smartfram_AES_Init                       0x08006675   Thumb Code    44  smartfram_encryptionaes.o(i.Smartfram_AES_Init)
    Smartfram_Command_CCS811                 0x080066ad   Thumb Code   130  smartfram_command.o(i.Smartfram_Command_CCS811)
    Smartfram_Command_LIGHT                  0x08006735   Thumb Code   110  smartfram_command.o(i.Smartfram_Command_LIGHT)
    Smartfram_Command_ScanACK                0x080067a9   Thumb Code   126  smartfram_command.o(i.Smartfram_Command_ScanACK)
    Smartfram_Command_SoilMoisture           0x08006829   Thumb Code   110  smartfram_command.o(i.Smartfram_Command_SoilMoisture)
    Smartfram_Command_TEMP_HUM               0x0800689d   Thumb Code   148  smartfram_command.o(i.Smartfram_Command_TEMP_HUM)
    Smartfram_DMA_Init                       0x08006935   Thumb Code    50  smartfram_encryptionaes.o(i.Smartfram_DMA_Init)
    Smartfram_Decrypted                      0x08006969   Thumb Code   200  smartfram_encryptionaes.o(i.Smartfram_Decrypted)
    Smartfram_DecryptedPrivate               0x08006a51   Thumb Code   110  smartfram_encryptionaes.o(i.Smartfram_DecryptedPrivate)
    Smartfram_DecryptedPublic                0x08006ac9   Thumb Code   134  smartfram_encryptionaes.o(i.Smartfram_DecryptedPublic)
    Smartfram_Encrypted                      0x08006b55   Thumb Code   128  smartfram_encryptionaes.o(i.Smartfram_Encrypted)
    Smartfram_EncryptedPrivate               0x08006bf5   Thumb Code   112  smartfram_encryptionaes.o(i.Smartfram_EncryptedPrivate)
    Smartfram_EncryptedPublic                0x08006c6d   Thumb Code   134  smartfram_encryptionaes.o(i.Smartfram_EncryptedPublic)
    Smartfram_GetMACAdress2                  0x08006cf9   Thumb Code    14  smartfram_joinnetwork.o(i.Smartfram_GetMACAdress2)
    Smartfram_JoinNetWork_GetConfirm         0x08006d0d   Thumb Code    58  smartfram_joinnetwork.o(i.Smartfram_JoinNetWork_GetConfirm)
    Smartfram_JoinNetWork_GetJoinDone        0x08006d47   Thumb Code    50  smartfram_joinnetwork.o(i.Smartfram_JoinNetWork_GetJoinDone)
    Smartfram_JoinNetWork_GetRequetst        0x08006d79   Thumb Code    58  smartfram_joinnetwork.o(i.Smartfram_JoinNetWork_GetRequetst)
    Smartfram_JoinNetWork_SendAccept         0x08006db5   Thumb Code    86  smartfram_joinnetwork.o(i.Smartfram_JoinNetWork_SendAccept)
    Smartfram_JoinNetWork_SendCompleted      0x08006e15   Thumb Code    74  smartfram_joinnetwork.o(i.Smartfram_JoinNetWork_SendCompleted)
    Smartfram_Messeger_GetDeviceToGetway     0x08006e69   Thumb Code   310  smartfram_messeger.o(i.Smartfram_Messeger_GetDeviceToGetway)
    Smartfram_Messeger_SendGetwayToDevice    0x08006fcd   Thumb Code    94  smartfram_messeger.o(i.Smartfram_Messeger_SendGetwayToDevice)
    Smartfram_RNG_Init                       0x08007039   Thumb Code   120  smartfram_encryptionaes.o(i.Smartfram_RNG_Init)
    SubghzApp_Init                           0x080070c1   Thumb Code   262  subghz_phy_app.o(i.SubghzApp_Init)
    SysTick_Handler                          0x08007229   Thumb Code     4  stm32wlxx_it.o(i.SysTick_Handler)
    SysTimeAdd                               0x0800722d   Thumb Code    38  stm32_systime.o(i.SysTimeAdd)
    SysTimeGet                               0x08007255   Thumb Code    62  stm32_systime.o(i.SysTimeGet)
    SystemApp_Init                           0x0800730d   Thumb Code    62  sys_app.o(i.SystemApp_Init)
    SystemClock_Config                       0x08007351   Thumb Code   120  main.o(i.SystemClock_Config)
    SystemInit                               0x080073cd   Thumb Code     2  system_stm32wlxx.o(i.SystemInit)
    TAMP_STAMP_LSECSS_SSRU_IRQHandler        0x080073d1   Thumb Code     6  stm32wlxx_it.o(i.TAMP_STAMP_LSECSS_SSRU_IRQHandler)
    TIMER_IF_BkUp_Read_Seconds               0x080073e9   Thumb Code     8  timer_if.o(i.TIMER_IF_BkUp_Read_Seconds)
    TIMER_IF_BkUp_Read_SubSeconds            0x080073f5   Thumb Code     8  timer_if.o(i.TIMER_IF_BkUp_Read_SubSeconds)
    TIMER_IF_BkUp_Write_Seconds              0x08007411   Thumb Code    10  timer_if.o(i.TIMER_IF_BkUp_Write_Seconds)
    TIMER_IF_BkUp_Write_SubSeconds           0x08007421   Thumb Code    10  timer_if.o(i.TIMER_IF_BkUp_Write_SubSeconds)
    TIMER_IF_Convert_Tick2ms                 0x08007431   Thumb Code    16  timer_if.o(i.TIMER_IF_Convert_Tick2ms)
    TIMER_IF_Convert_ms2Tick                 0x08007441   Thumb Code    18  timer_if.o(i.TIMER_IF_Convert_ms2Tick)
    TIMER_IF_DelayMs                         0x08007453   Thumb Code    30  timer_if.o(i.TIMER_IF_DelayMs)
    TIMER_IF_GetMinimumTimeout               0x08007471   Thumb Code     4  timer_if.o(i.TIMER_IF_GetMinimumTimeout)
    TIMER_IF_GetTime                         0x08007475   Thumb Code    40  timer_if.o(i.TIMER_IF_GetTime)
    TIMER_IF_GetTimerContext                 0x0800749d   Thumb Code     6  timer_if.o(i.TIMER_IF_GetTimerContext)
    TIMER_IF_GetTimerElapsedTime             0x080074a9   Thumb Code    14  timer_if.o(i.TIMER_IF_GetTimerElapsedTime)
    TIMER_IF_GetTimerValue                   0x080074bd   Thumb Code    14  timer_if.o(i.TIMER_IF_GetTimerValue)
    TIMER_IF_Init                            0x080074d1   Thumb Code    64  timer_if.o(i.TIMER_IF_Init)
    TIMER_IF_SetTimerContext                 0x08007519   Thumb Code    12  timer_if.o(i.TIMER_IF_SetTimerContext)
    TIMER_IF_StartTimer                      0x08007529   Thumb Code    68  timer_if.o(i.TIMER_IF_StartTimer)
    TIMER_IF_StopTimer                       0x08007575   Thumb Code    28  timer_if.o(i.TIMER_IF_StopTimer)
    TimerExists                              0x08007799   Thumb Code    24  stm32_timer.o(i.TimerExists)
    TimerInsertNewHeadTimer                  0x080077b5   Thumb Code    18  stm32_timer.o(i.TimerInsertNewHeadTimer)
    TimerInsertTimer                         0x080077cd   Thumb Code    34  stm32_timer.o(i.TimerInsertTimer)
    TimerSetTimeout                          0x080077f5   Thumb Code    48  stm32_timer.o(i.TimerSetTimeout)
    UART_AdvFeatureConfig                    0x080078c1   Thumb Code   200  stm32wlxx_hal_uart.o(i.UART_AdvFeatureConfig)
    UART_CheckIdleState                      0x08007989   Thumb Code    96  stm32wlxx_hal_uart.o(i.UART_CheckIdleState)
    UART_SetConfig                           0x08007e45   Thumb Code   552  stm32wlxx_hal_uart.o(i.UART_SetConfig)
    UART_Start_Receive_IT                    0x0800808d   Thumb Code   198  stm32wlxx_hal_uart.o(i.UART_Start_Receive_IT)
    UART_WaitOnFlagUntilTimeout              0x08008165   Thumb Code   160  stm32wlxx_hal_uart.o(i.UART_WaitOnFlagUntilTimeout)
    UTIL_ADV_TRACE_COND_FSend                0x08008205   Thumb Code   170  stm32_adv_trace.o(i.UTIL_ADV_TRACE_COND_FSend)
    UTIL_ADV_TRACE_Init                      0x080082b9   Thumb Code    38  stm32_adv_trace.o(i.UTIL_ADV_TRACE_Init)
    UTIL_ADV_TRACE_PostSendHook              0x080082ed   Thumb Code     8  sys_app.o(i.UTIL_ADV_TRACE_PostSendHook)
    UTIL_ADV_TRACE_PreSendHook               0x080082f5   Thumb Code     8  sys_app.o(i.UTIL_ADV_TRACE_PreSendHook)
    UTIL_ADV_TRACE_RegisterTimeStampFunction 0x080082fd   Thumb Code     6  stm32_adv_trace.o(i.UTIL_ADV_TRACE_RegisterTimeStampFunction)
    UTIL_ADV_TRACE_SetVerboseLevel           0x08008309   Thumb Code     6  stm32_adv_trace.o(i.UTIL_ADV_TRACE_SetVerboseLevel)
    UTIL_ADV_TRACE_StartRxProcess            0x08008315   Thumb Code     6  stm32_adv_trace.o(i.UTIL_ADV_TRACE_StartRxProcess)
    UTIL_LPM_EnterLowPower                   0x08008321   Thumb Code    50  stm32_lpm.o(i.UTIL_LPM_EnterLowPower)
    UTIL_LPM_Init                            0x0800835d   Thumb Code    10  stm32_lpm.o(i.UTIL_LPM_Init)
    UTIL_LPM_SetOffMode                      0x0800836d   Thumb Code    32  stm32_lpm.o(i.UTIL_LPM_SetOffMode)
    UTIL_LPM_SetStopMode                     0x08008391   Thumb Code    32  stm32_lpm.o(i.UTIL_LPM_SetStopMode)
    UTIL_MEM_set_8                           0x080083b5   Thumb Code    14  stm32_mem.o(i.UTIL_MEM_set_8)
    UTIL_SEQ_Idle                            0x080083c3   Thumb Code     4  sys_app.o(i.UTIL_SEQ_Idle)
    UTIL_SEQ_PostIdle                        0x080083c7   Thumb Code     2  stm32_seq.o(i.UTIL_SEQ_PostIdle)
    UTIL_SEQ_PreIdle                         0x080083c9   Thumb Code     2  stm32_seq.o(i.UTIL_SEQ_PreIdle)
    UTIL_SEQ_RegTask                         0x080083cd   Thumb Code    26  stm32_seq.o(i.UTIL_SEQ_RegTask)
    UTIL_SEQ_Run                             0x080083ed   Thumb Code   198  stm32_seq.o(i.UTIL_SEQ_Run)
    UTIL_SEQ_SetTask                         0x080084bd   Thumb Code    34  stm32_seq.o(i.UTIL_SEQ_SetTask)
    UTIL_TIMER_Create                        0x080084e9   Thumb Code    56  stm32_timer.o(i.UTIL_TIMER_Create)
    UTIL_TIMER_GetCurrentTime                0x08008525   Thumb Code    16  stm32_timer.o(i.UTIL_TIMER_GetCurrentTime)
    UTIL_TIMER_GetElapsedTime                0x08008539   Thumb Code    28  stm32_timer.o(i.UTIL_TIMER_GetElapsedTime)
    UTIL_TIMER_IRQ_Handler                   0x08008559   Thumb Code   128  stm32_timer.o(i.UTIL_TIMER_IRQ_Handler)
    UTIL_TIMER_Init                          0x080085e1   Thumb Code    12  stm32_timer.o(i.UTIL_TIMER_Init)
    UTIL_TIMER_SetPeriod                     0x080085f5   Thumb Code    50  stm32_timer.o(i.UTIL_TIMER_SetPeriod)
    UTIL_TIMER_Start                         0x0800862d   Thumb Code   116  stm32_timer.o(i.UTIL_TIMER_Start)
    UTIL_TIMER_Stop                          0x080086a9   Thumb Code    94  stm32_timer.o(i.UTIL_TIMER_Stop)
    UsageFault_Handler                       0x08008711   Thumb Code     2  stm32wlxx_it.o(i.UsageFault_Handler)
    __0sprintf                               0x08008715   Thumb Code    34  printfa.o(i.__0sprintf)
    __1sprintf                               0x08008715   Thumb Code     0  printfa.o(i.__0sprintf)
    __2sprintf                               0x08008715   Thumb Code     0  printfa.o(i.__0sprintf)
    __c89sprintf                             0x08008715   Thumb Code     0  printfa.o(i.__0sprintf)
    sprintf                                  0x08008715   Thumb Code     0  printfa.o(i.__0sprintf)
    __scatterload_copy                       0x0800875d   Thumb Code    14  handlers.o(i.__scatterload_copy)
    __scatterload_null                       0x0800876b   Thumb Code     2  handlers.o(i.__scatterload_null)
    __scatterload_zeroinit                   0x0800876d   Thumb Code    14  handlers.o(i.__scatterload_zeroinit)
    main                                     0x08009101   Thumb Code    30  main.o(i.main)
    smartfram_FindUnicast                    0x0800919d   Thumb Code    28  smartfram_flashsys.o(i.smartfram_FindUnicast)
    smartfram_FlashEraseInit                 0x080091bd   Thumb Code    14  smartfram_flashsys.o(i.smartfram_FlashEraseInit)
    smartfram_FlashRemoveInforDevice         0x080091cd   Thumb Code    50  smartfram_flashsys.o(i.smartfram_FlashRemoveInforDevice)
    smartfram_SaveJointInfoConfirm           0x08009205   Thumb Code    66  smartfram_flashsys.o(i.smartfram_SaveJointInfoConfirm)
    smartfram_SaveJointInfoJoinDone          0x08009251   Thumb Code     4  smartfram_flashsys.o(i.smartfram_SaveJointInfoJoinDone)
    smartfram_SaveJointInfoRequetst          0x08009255   Thumb Code    74  smartfram_flashsys.o(i.smartfram_SaveJointInfoRequetst)
    smartfram_SetKeyDevice                   0x080092a9   Thumb Code     4  smartfram_flashsys.o(i.smartfram_SetKeyDevice)
    tiny_vsnprintf_like                      0x080092c1   Thumb Code   328  stm32_tiny_vsnprintf.o(i.tiny_vsnprintf_like)
    vcom_DeInit                              0x08009411   Thumb Code    38  usart_if.o(i.vcom_DeInit)
    vcom_Init                                0x0800943d   Thumb Code    28  usart_if.o(i.vcom_Init)
    vcom_ReceiveInit                         0x08009461   Thumb Code    64  usart_if.o(i.vcom_ReceiveInit)
    vcom_Resume                              0x080094a9   Thumb Code    22  usart_if.o(i.vcom_Resume)
    vcom_Trace                               0x080094c5   Thumb Code    14  usart_if.o(i.vcom_Trace)
    vcom_Trace_DMA                           0x080094d9   Thumb Code    16  usart_if.o(i.vcom_Trace_DMA)
    UTIL_TimerDriver                         0x080094ec   Data          44  timer_if.o(.constdata)
    UTIL_SYSTIMDriver                        0x08009518   Data          20  timer_if.o(.constdata)
    UTIL_PowerDriver                         0x0800952c   Data          24  stm32_lpm_if.o(.constdata)
    UTIL_TraceDriver                         0x08009544   Data          16  usart_if.o(.constdata)
    AHBPrescTable                            0x08009554   Data          64  system_stm32wlxx.o(.constdata)
    MSIRangeTable                            0x08009594   Data          64  system_stm32wlxx.o(.constdata)
    APBPrescTable                            0x080095d4   Data          32  system_stm32wlxx.o(.constdata)
    UARTPrescTable                           0x08009610   Data          24  stm32wlxx_hal_uart.o(.constdata)
    Radio                                    0x08009718   Data         124  radio.o(.constdata)
    Bandwidths                               0x08009794   Data           3  radio.o(.constdata)
    FskBandwidths                            0x08009798   Data         176  radio.o(.constdata)
    Region$$Table$$Base                      0x080098c8   Number         0  anon$$obj.o(Region$$Table)
    Region$$Table$$Limit                     0x080098e8   Number         0  anon$$obj.o(Region$$Table)
    RssiValue                                0x20000000   Data           1  subghz_phy_app.o(.data)
    SnrValue                                 0x20000001   Data           1  subghz_phy_app.o(.data)
    BufferSize                               0x20000002   Data           2  subghz_phy_app.o(.data)
    charRx                                   0x2000000c   Data           1  usart_if.o(.data)
    SystemCoreClock                          0x20000018   Data           4  system_stm32wlxx.o(.data)
    uwTickFreq                               0x2000001c   Data           1  stm32wlxx_hal.o(.data)
    uwTickPrio                               0x20000020   Data           4  stm32wlxx_hal.o(.data)
    uwTick                                   0x20000024   Data           4  stm32wlxx_hal.o(.data)
    FrequencyError                           0x20000034   Data           4  radio_driver.o(.data)
    Sys_Page                                 0x20000068   Data           1  smartfram_flashsys.o(.data)
    Flag_CheckMAC                            0x20000069   Data           1  smartfram_flashsys.o(.data)
    Sys_Unicast                              0x2000006c   Data           4  smartfram_flashsys.o(.data)
    FirstPage                                0x20000070   Data           4  smartfram_flashsys.o(.data)
    NbOfPages                                0x20000074   Data           4  smartfram_flashsys.o(.data)
    Address                                  0x20000078   Data           4  smartfram_flashsys.o(.data)
    PageError                                0x2000007c   Data           4  smartfram_flashsys.o(.data)
    FlagSys_CheckModeRun                     0x20000080   Data           1  smartfram_flashsys.o(.data)
    RX_FLAG_END_LINE                         0x20000084   Data           1  smartfram_command.o(.data)
    temp_char                                0x20000085   Data           1  smartfram_command.o(.data)
    RXI                                      0x20000088   Data           4  smartfram_command.o(.data)
    sizeddd                                  0x2000008c   Data           4  smartfram_command.o(.data)
    Sys_CountTime                            0x20000094   Data           4  smartfram_sysinit.o(.data)
    Sys_VarAndStt                            0x20000098   Data           2  smartfram_sysinit.o(.data)
    Buffer                                   0x200000a0   Data         100  subghz_phy_app.o(.bss)
    hrtc                                     0x20000138   Data          56  rtc.o(.bss)
    hsubghz                                  0x20000170   Data          12  subghz.o(.bss)
    hlpuart1                                 0x2000017c   Data         144  usart.o(.bss)
    hdma_lpuart1_tx                          0x2000020c   Data          96  usart.o(.bss)
    pFlash                                   0x2000026c   Data          24  stm32wlxx_hal_flash.o(.bss)
    SubgRf                                   0x20000384   Data          88  radio.o(.bss)
    TxTimeoutTimer                           0x200003dc   Data          24  radio.o(.bss)
    RxTimeoutTimer                           0x200003f4   Data          24  radio.o(.bss)
    pLocalGetwayKeyAES                       0x200007b4   Data          16  smartfram_encryptionaes.o(.bss)
    pDeviceKeyAES                            0x200007c4   Data          16  smartfram_encryptionaes.o(.bss)
    hcryp                                    0x200007d4   Data         268  smartfram_encryptionaes.o(.bss)
    hrng                                     0x200008e0   Data          20  smartfram_encryptionaes.o(.bss)
    hdma_aes_in                              0x200008f4   Data          96  smartfram_encryptionaes.o(.bss)
    hdma_aes_out                             0x20000954   Data          96  smartfram_encryptionaes.o(.bss)
    Sys_GetwayFlashArrData                   0x200009b4   Data        4096  smartfram_flashsys.o(.bss)
    Sys_ArrIDMsg                             0x200019c0   Data         256  smartfram_messeger.o(.bss)
    SendMsgGetwayToDevice                    0x20001ac0   Data          16  smartfram_messeger.o(.bss)
    FlagCommandSYS                           0x20001ad0   Data          16  smartfram_command.o(.bss)
    RRX                                      0x20001ae0   Data         500  smartfram_command.o(.bss)
    __initial_sp                             0x200024d8   Data           0  startup_stm32wl55xx_cm4.o(STACK)



==============================================================================

Memory Map of the image

  Image Entry point : 0x08000139

  Load Region LR_IROM1 (Base: 0x08000000, Size: 0x00009988, Max: 0x00040000, ABSOLUTE)

    Execution Region ER_IROM1 (Exec base: 0x08000000, Load base: 0x08000000, Size: 0x000098e8, Max: 0x00040000, ABSOLUTE)

    Exec Addr    Load Addr    Size         Type   Attr      Idx    E Section Name        Object

    0x08000000   0x08000000   0x00000138   Data   RO         1336    RESET               startup_stm32wl55xx_cm4.o
    0x08000138   0x08000138   0x00000000   Code   RO         6821  * .ARM.Collect$$$$00000000  mc_w.l(entry.o)
    0x08000138   0x08000138   0x00000004   Code   RO         7110    .ARM.Collect$$$$00000001  mc_w.l(entry2.o)
    0x0800013c   0x0800013c   0x00000004   Code   RO         7113    .ARM.Collect$$$$00000004  mc_w.l(entry5.o)
    0x08000140   0x08000140   0x00000000   Code   RO         7115    .ARM.Collect$$$$00000008  mc_w.l(entry7b.o)
    0x08000140   0x08000140   0x00000000   Code   RO         7117    .ARM.Collect$$$$0000000A  mc_w.l(entry8b.o)
    0x08000140   0x08000140   0x00000008   Code   RO         7118    .ARM.Collect$$$$0000000B  mc_w.l(entry9a.o)
    0x08000148   0x08000148   0x00000004   Code   RO         7125    .ARM.Collect$$$$0000000E  mc_w.l(entry12b.o)
    0x0800014c   0x0800014c   0x00000000   Code   RO         7120    .ARM.Collect$$$$0000000F  mc_w.l(entry10a.o)
    0x0800014c   0x0800014c   0x00000000   Code   RO         7122    .ARM.Collect$$$$00000011  mc_w.l(entry11a.o)
    0x0800014c   0x0800014c   0x00000004   Code   RO         7111    .ARM.Collect$$$$00002712  mc_w.l(entry2.o)
    0x08000150   0x08000150   0x00000024   Code   RO         1337    .text               startup_stm32wl55xx_cm4.o
    0x08000174   0x08000174   0x00000062   Code   RO         6824    .text               mc_w.l(uldiv.o)
    0x080001d6   0x080001d6   0x00000002   PAD
    0x080001d8   0x080001d8   0x00000024   Code   RO         6826    .text               mc_w.l(rand.o)
    0x080001fc   0x080001fc   0x00000024   Code   RO         6829    .text               mc_w.l(memcpya.o)
    0x08000220   0x08000220   0x00000024   Code   RO         6831    .text               mc_w.l(memseta.o)
    0x08000244   0x08000244   0x0000000e   Code   RO         6833    .text               mc_w.l(strlen.o)
    0x08000252   0x08000252   0x00000064   Code   RO         7098    .text               mf_w.l(fmul.o)
    0x080002b6   0x080002b6   0x0000007c   Code   RO         7100    .text               mf_w.l(fdiv.o)
    0x08000332   0x08000332   0x00000018   Code   RO         7102    .text               mf_w.l(fscalb.o)
    0x0800034a   0x0800034a   0x0000000a   Code   RO         7104    .text               mf_w.l(ffltui.o)
    0x08000354   0x08000354   0x00000028   Code   RO         7106    .text               mf_w.l(ffixui.o)
    0x0800037c   0x0800037c   0x00000026   Code   RO         7108    .text               mf_w.l(f2d.o)
    0x080003a2   0x080003a2   0x0000002c   Code   RO         7129    .text               mc_w.l(uidiv.o)
    0x080003ce   0x080003ce   0x0000001e   Code   RO         7131    .text               mc_w.l(llshl.o)
    0x080003ec   0x080003ec   0x00000020   Code   RO         7133    .text               mc_w.l(llushr.o)
    0x0800040c   0x0800040c   0x00000000   Code   RO         7135    .text               mc_w.l(iusefp.o)
    0x0800040c   0x0800040c   0x0000006e   Code   RO         7136    .text               mf_w.l(fepilogue.o)
    0x0800047a   0x0800047a   0x0000014e   Code   RO         7138    .text               mf_w.l(dadd.o)
    0x080005c8   0x080005c8   0x000000e4   Code   RO         7140    .text               mf_w.l(dmul.o)
    0x080006ac   0x080006ac   0x000000de   Code   RO         7142    .text               mf_w.l(ddiv.o)
    0x0800078a   0x0800078a   0x00000030   Code   RO         7144    .text               mf_w.l(dfixul.o)
    0x080007ba   0x080007ba   0x00000002   PAD
    0x080007bc   0x080007bc   0x00000030   Code   RO         7146    .text               mf_w.l(cdrcmple.o)
    0x080007ec   0x080007ec   0x00000024   Code   RO         7148    .text               mc_w.l(init.o)
    0x08000810   0x08000810   0x00000024   Code   RO         7151    .text               mc_w.l(llsshr.o)
    0x08000834   0x08000834   0x000000ba   Code   RO         7154    .text               mf_w.l(depilogue.o)
    0x080008ee   0x080008ee   0x00000002   Code   RO          911    i.BusFault_Handler  stm32wlxx_it.o
    0x080008f0   0x080008f0   0x0000004c   Code   RO         6678    i.CMD_GetChar       smartfram_command.o
    0x0800093c   0x0800093c   0x0000001c   Code   RO         6679    i.CMD_Init          smartfram_command.o
    0x08000958   0x08000958   0x00000064   Code   RO         6680    i.CMD_Process       smartfram_command.o
    0x080009bc   0x080009bc   0x000000ac   Code   RO         4601    i.CRYP_AESCCM_Process_DMA  stm32wlxx_hal_cryp.o
    0x08000a68   0x08000a68   0x000000ac   Code   RO         4604    i.CRYP_AESGCM_Process_DMA  stm32wlxx_hal_cryp.o
    0x08000b14   0x08000b14   0x000000ec   Code   RO         4607    i.CRYP_AES_Decrypt_DMA  stm32wlxx_hal_cryp.o
    0x08000c00   0x08000c00   0x00000046   Code   RO         4613    i.CRYP_ClearCCFlagWhenHigh  stm32wlxx_hal_cryp.o
    0x08000c46   0x08000c46   0x00000022   Code   RO         4614    i.CRYP_DMAError     stm32wlxx_hal_cryp.o
    0x08000c68   0x08000c68   0x000000dc   Code   RO         4615    i.CRYP_DMAInCplt    stm32wlxx_hal_cryp.o
    0x08000d44   0x08000d44   0x00000118   Code   RO         4616    i.CRYP_DMAOutCplt   stm32wlxx_hal_cryp.o
    0x08000e5c   0x08000e5c   0x00000148   Code   RO         4618    i.CRYP_GCMCCM_SetHeaderPhase_DMA  stm32wlxx_hal_cryp.o
    0x08000fa4   0x08000fa4   0x00000108   Code   RO         4620    i.CRYP_GCMCCM_SetPayloadPhase_DMA  stm32wlxx_hal_cryp.o
    0x080010ac   0x080010ac   0x00000084   Code   RO         4626    i.CRYP_SetDMAConfig  stm32wlxx_hal_cryp.o
    0x08001130   0x08001130   0x0000006a   Code   RO         4627    i.CRYP_SetKey       stm32wlxx_hal_cryp.o
    0x0800119a   0x0800119a   0x0000002e   Code   RO         4628    i.CRYP_WaitOnCCFlag  stm32wlxx_hal_cryp.o
    0x080011c8   0x080011c8   0x00000018   Code   RO         6308    i.CalculatorBlockEncrypted  smartfram_encryptionaes.o
    0x080011e0   0x080011e0   0x000000aa   Code   RO         6309    i.CheckDecrypted    smartfram_encryptionaes.o
    0x0800128a   0x0800128a   0x0000001c   Code   RO         6310    i.CheckSum          smartfram_encryptionaes.o
    0x080012a6   0x080012a6   0x00000010   Code   RO         6311    i.Check_Header_TypeMsg  smartfram_encryptionaes.o
    0x080012b6   0x080012b6   0x00000008   Code   RO          229    i.CmdProcessNotify  subghz_phy_app.o
    0x080012be   0x080012be   0x00000040   Code   RO         6312    i.CreateCheckSum    smartfram_encryptionaes.o
    0x080012fe   0x080012fe   0x00000002   PAD
    0x08001300   0x08001300   0x0000000c   Code   RO          912    i.DMA1_Channel1_IRQHandler  stm32wlxx_it.o
    0x0800130c   0x0800130c   0x0000000c   Code   RO          913    i.DMA1_Channel2_IRQHandler  stm32wlxx_it.o
    0x08001318   0x08001318   0x0000000c   Code   RO          914    i.DMA1_Channel5_IRQHandler  stm32wlxx_it.o
    0x08001324   0x08001324   0x0000004c   Code   RO         2053    i.DMA_CalcDMAMUXChannelBaseAndMask  stm32wlxx_hal_dma.o
    0x08001370   0x08001370   0x00000028   Code   RO         2054    i.DMA_CalcDMAMUXRequestGenBaseAndMask  stm32wlxx_hal_dma.o
    0x08001398   0x08001398   0x0000003e   Code   RO         2055    i.DMA_SetConfig     stm32wlxx_hal_dma.o
    0x080013d6   0x080013d6   0x00000002   Code   RO          915    i.DebugMon_Handler  stm32wlxx_it.o
    0x080013d8   0x080013d8   0x0000004c   Code   RO         6313    i.Encrypted_Init    smartfram_encryptionaes.o
    0x08001424   0x08001424   0x00000002   Code   RO          538    i.Error_Handler     main.o
    0x08001426   0x08001426   0x00000002   PAD
    0x08001428   0x08001428   0x00000014   Code   RO         2399    i.FLASH_MassErase   stm32wlxx_hal_flash_ex.o
    0x0800143c   0x0800143c   0x0000001c   Code   RO         2407    i.FLASH_PageErase   stm32wlxx_hal_flash_ex.o
    0x08001458   0x08001458   0x0000001c   Code   RO         2290    i.FLASH_Program_DoubleWord  stm32wlxx_hal_flash.o
    0x08001474   0x08001474   0x00000034   Code   RO         2291    i.FLASH_Program_Fast  stm32wlxx_hal_flash.o
    0x080014a8   0x080014a8   0x00000068   Code   RO         2292    i.FLASH_WaitForLastOperation  stm32wlxx_hal_flash.o
    0x08001510   0x08001510   0x0000000c   Code   RO         6681    i.FS_Command_CheckHeader  smartfram_command.o
    0x0800151c   0x0800151c   0x00000024   Code   RO         6682    i.FS_Command_CheckMSG_HeaderAndTyped  smartfram_command.o
    0x08001540   0x08001540   0x00000018   Code   RO         6683    i.FS_Command_CheckSum  smartfram_command.o
    0x08001558   0x08001558   0x0000000c   Code   RO         6684    i.FS_Command_CheckTypeMsg  smartfram_command.o
    0x08001564   0x08001564   0x00000018   Code   RO         6685    i.FS_Command_CreateChecksum  smartfram_command.o
    0x0800157c   0x0800157c   0x000000b4   Code   RO         6686    i.FS_Command_MsgProcessing  smartfram_command.o
    0x08001630   0x08001630   0x00000028   Code   RO         6504    i.FS_FlashGetway_CheckMacDevicey  smartfram_flashsys.o
    0x08001658   0x08001658   0x00000068   Code   RO         6505    i.FS_FlashGetway_CreateGetwayKey  smartfram_flashsys.o
    0x080016c0   0x080016c0   0x00000064   Code   RO         6506    i.FS_FlashGetway_Erase  smartfram_flashsys.o
    0x08001724   0x08001724   0x00000020   Code   RO         6507    i.FS_FlashGetway_FindPageEmpty  smartfram_flashsys.o
    0x08001744   0x08001744   0x0000001c   Code   RO         6508    i.FS_FlashGetway_IncreaseUnicast  smartfram_flashsys.o
    0x08001760   0x08001760   0x00000080   Code   RO         6509    i.FS_FlashGetway_Read  smartfram_flashsys.o
    0x080017e0   0x080017e0   0x00000030   Code   RO         6510    i.FS_FlashGetway_ReadUnicastAndGetwayKey  smartfram_flashsys.o
    0x08001810   0x08001810   0x00000024   Code   RO         6512    i.FS_FlashGetway_UpdateDeviceKey  smartfram_flashsys.o
    0x08001834   0x08001834   0x00000050   Code   RO         6513    i.FS_FlashGetway_Write  smartfram_flashsys.o
    0x08001884   0x08001884   0x000000a4   Code   RO         6514    i.FS_FlashGetway_WriteUnicastAndGetwayKey  smartfram_flashsys.o
    0x08001928   0x08001928   0x000000aa   Code   RO         6635    i.FS_SetData        smartfram_messeger.o
    0x080019d2   0x080019d2   0x00000002   PAD
    0x080019d4   0x080019d4   0x0000002c   Code   RO          230    i.FS_StopScan       subghz_phy_app.o
    0x08001a00   0x08001a00   0x0000000c   Code   RO          632    i.GetTimerTicks     timer_if.o
    0x08001a0c   0x08001a0c   0x00000084   Code   RO         1074    i.Gpio_PreInit      sys_app.o
    0x08001a90   0x08001a90   0x00000032   Code   RO         4629    i.HAL_CRYP_DeInit   stm32wlxx_hal_cryp.o
    0x08001ac2   0x08001ac2   0x00000002   PAD
    0x08001ac4   0x08001ac4   0x000000a0   Code   RO         4631    i.HAL_CRYP_Decrypt_DMA  stm32wlxx_hal_cryp.o
    0x08001b64   0x08001b64   0x000000ec   Code   RO         4634    i.HAL_CRYP_Encrypt_DMA  stm32wlxx_hal_cryp.o
    0x08001c50   0x08001c50   0x00000002   Code   RO         4636    i.HAL_CRYP_ErrorCallback  stm32wlxx_hal_cryp.o
    0x08001c52   0x08001c52   0x00000006   Code   RO         4639    i.HAL_CRYP_GetState  stm32wlxx_hal_cryp.o
    0x08001c58   0x08001c58   0x00000002   Code   RO         4641    i.HAL_CRYP_InCpltCallback  stm32wlxx_hal_cryp.o
    0x08001c5a   0x08001c5a   0x00000002   PAD
    0x08001c5c   0x08001c5c   0x00000048   Code   RO         4642    i.HAL_CRYP_Init     stm32wlxx_hal_cryp.o
    0x08001ca4   0x08001ca4   0x00000030   Code   RO          871    i.HAL_CRYP_MspDeInit  stm32wlxx_hal_msp.o
    0x08001cd4   0x08001cd4   0x000000b0   Code   RO          872    i.HAL_CRYP_MspInit  stm32wlxx_hal_msp.o
    0x08001d84   0x08001d84   0x00000002   Code   RO         4645    i.HAL_CRYP_OutCpltCallback  stm32wlxx_hal_cryp.o
    0x08001d86   0x08001d86   0x0000006e   Code   RO         2056    i.HAL_DMA_Abort     stm32wlxx_hal_dma.o
    0x08001df4   0x08001df4   0x00000070   Code   RO         2057    i.HAL_DMA_Abort_IT  stm32wlxx_hal_dma.o
    0x08001e64   0x08001e64   0x00000026   Code   RO         2058    i.HAL_DMA_ConfigChannelAttributes  stm32wlxx_hal_dma.o
    0x08001e8a   0x08001e8a   0x00000002   PAD
    0x08001e8c   0x08001e8c   0x000000a8   Code   RO         2059    i.HAL_DMA_DeInit    stm32wlxx_hal_dma.o
    0x08001f34   0x08001f34   0x000000d8   Code   RO         2063    i.HAL_DMA_IRQHandler  stm32wlxx_hal_dma.o
    0x0800200c   0x0800200c   0x000000c8   Code   RO         2064    i.HAL_DMA_Init      stm32wlxx_hal_dma.o
    0x080020d4   0x080020d4   0x00000090   Code   RO         2068    i.HAL_DMA_Start_IT  stm32wlxx_hal_dma.o
    0x08002164   0x08002164   0x0000000a   Code   RO         1075    i.HAL_Delay         sys_app.o
    0x0800216e   0x0800216e   0x00000002   PAD
    0x08002170   0x08002170   0x00000094   Code   RO         2413    i.HAL_FLASHEx_Erase  stm32wlxx_hal_flash_ex.o
    0x08002204   0x08002204   0x0000001c   Code   RO         2296    i.HAL_FLASH_Lock    stm32wlxx_hal_flash.o
    0x08002220   0x08002220   0x00000064   Code   RO         2301    i.HAL_FLASH_Program  stm32wlxx_hal_flash.o
    0x08002284   0x08002284   0x00000028   Code   RO         2303    i.HAL_FLASH_Unlock  stm32wlxx_hal_flash.o
    0x080022ac   0x080022ac   0x000000f0   Code   RO         2547    i.HAL_GPIO_DeInit   stm32wlxx_hal_gpio.o
    0x0800239c   0x0800239c   0x0000015c   Code   RO         2550    i.HAL_GPIO_Init     stm32wlxx_hal_gpio.o
    0x080024f8   0x080024f8   0x0000000a   Code   RO         2554    i.HAL_GPIO_WritePin  stm32wlxx_hal_gpio.o
    0x08002502   0x08002502   0x00000004   Code   RO         1076    i.HAL_GetTick       sys_app.o
    0x08002506   0x08002506   0x00000002   PAD
    0x08002508   0x08002508   0x00000010   Code   RO         1659    i.HAL_IncTick       stm32wlxx_hal.o
    0x08002518   0x08002518   0x0000002c   Code   RO         1660    i.HAL_Init          stm32wlxx_hal.o
    0x08002544   0x08002544   0x00000004   Code   RO         1077    i.HAL_InitTick      sys_app.o
    0x08002548   0x08002548   0x00000002   Code   RO          873    i.HAL_MspInit       stm32wlxx_hal_msp.o
    0x0800254a   0x0800254a   0x00000022   Code   RO         1922    i.HAL_NVIC_DisableIRQ  stm32wlxx_hal_cortex.o
    0x0800256c   0x0800256c   0x0000001a   Code   RO         1923    i.HAL_NVIC_EnableIRQ  stm32wlxx_hal_cortex.o
    0x08002586   0x08002586   0x00000002   PAD
    0x08002588   0x08002588   0x00000040   Code   RO         1929    i.HAL_NVIC_SetPriority  stm32wlxx_hal_cortex.o
    0x080025c8   0x080025c8   0x00000024   Code   RO         1930    i.HAL_NVIC_SetPriorityGrouping  stm32wlxx_hal_cortex.o
    0x080025ec   0x080025ec   0x00000044   Code   RO         2739    i.HAL_PWREx_DisableLowPowerRunMode  stm32wlxx_hal_pwr_ex.o
    0x08002630   0x08002630   0x00000010   Code   RO         2751    i.HAL_PWREx_EnableLowPowerRunMode  stm32wlxx_hal_pwr_ex.o
    0x08002640   0x08002640   0x00000038   Code   RO         2759    i.HAL_PWREx_EnterSTOP2Mode  stm32wlxx_hal_pwr_ex.o
    0x08002678   0x08002678   0x00000010   Code   RO         2760    i.HAL_PWREx_GetVoltageRange  stm32wlxx_hal_pwr_ex.o
    0x08002688   0x08002688   0x00000010   Code   RO         2620    i.HAL_PWR_EnableBkUpAccess  stm32wlxx_hal_pwr.o
    0x08002698   0x08002698   0x00000048   Code   RO         2625    i.HAL_PWR_EnterSLEEPMode  stm32wlxx_hal_pwr.o
    0x080026e0   0x080026e0   0x000001a0   Code   RO         3176    i.HAL_RCCEx_PeriphCLKConfig  stm32wlxx_hal_rcc_ex.o
    0x08002880   0x08002880   0x000001fc   Code   RO         3001    i.HAL_RCC_ClockConfig  stm32wlxx_hal_rcc.o
    0x08002a7c   0x08002a7c   0x00000024   Code   RO         3007    i.HAL_RCC_GetHCLKFreq  stm32wlxx_hal_rcc.o
    0x08002aa0   0x08002aa0   0x00000020   Code   RO         3009    i.HAL_RCC_GetPCLK1Freq  stm32wlxx_hal_rcc.o
    0x08002ac0   0x08002ac0   0x00000020   Code   RO         3010    i.HAL_RCC_GetPCLK2Freq  stm32wlxx_hal_rcc.o
    0x08002ae0   0x08002ae0   0x000000e4   Code   RO         3011    i.HAL_RCC_GetSysClockFreq  stm32wlxx_hal_rcc.o
    0x08002bc4   0x08002bc4   0x0000050e   Code   RO         3014    i.HAL_RCC_OscConfig  stm32wlxx_hal_rcc.o
    0x080030d2   0x080030d2   0x00000002   Code   RO         4974    i.HAL_RNG_ErrorCallback  stm32wlxx_hal_rng.o
    0x080030d4   0x080030d4   0x000000a4   Code   RO         4975    i.HAL_RNG_GenerateRandomNumber  stm32wlxx_hal_rng.o
    0x08003178   0x08003178   0x000000cc   Code   RO         4980    i.HAL_RNG_Init      stm32wlxx_hal_rng.o
    0x08003244   0x08003244   0x00000002   Code   RO         4982    i.HAL_RNG_MspInit   stm32wlxx_hal_rng.o
    0x08003246   0x08003246   0x00000002   Code   RO         3522    i.HAL_RTCEx_AlarmBEventCallback  stm32wlxx_hal_rtc_ex.o
    0x08003248   0x08003248   0x0000000c   Code   RO         3523    i.HAL_RTCEx_BKUPRead  stm32wlxx_hal_rtc_ex.o
    0x08003254   0x08003254   0x0000000c   Code   RO         3524    i.HAL_RTCEx_BKUPWrite  stm32wlxx_hal_rtc_ex.o
    0x08003260   0x08003260   0x00000040   Code   RO         3534    i.HAL_RTCEx_EnableBypassShadow  stm32wlxx_hal_rtc_ex.o
    0x080032a0   0x080032a0   0x00000010   Code   RO          633    i.HAL_RTCEx_SSRUEventCallback  timer_if.o
    0x080032b0   0x080032b0   0x00000028   Code   RO         3549    i.HAL_RTCEx_SSRUIRQHandler  stm32wlxx_hal_rtc_ex.o
    0x080032d8   0x080032d8   0x00000050   Code   RO         3556    i.HAL_RTCEx_SetSSRU_IT  stm32wlxx_hal_rtc_ex.o
    0x08003328   0x08003328   0x00000004   Code   RO          634    i.HAL_RTC_AlarmAEventCallback  timer_if.o
    0x0800332c   0x0800332c   0x00000040   Code   RO         3350    i.HAL_RTC_AlarmIRQHandler  stm32wlxx_hal_rtc.o
    0x0800336c   0x0800336c   0x0000007c   Code   RO         3357    i.HAL_RTC_DeactivateAlarm  stm32wlxx_hal_rtc.o
    0x080033e8   0x080033e8   0x000000a8   Code   RO         3362    i.HAL_RTC_Init      stm32wlxx_hal_rtc.o
    0x08003490   0x08003490   0x00000074   Code   RO          585    i.HAL_RTC_MspInit   rtc.o
    0x08003504   0x08003504   0x00000168   Code   RO         3367    i.HAL_RTC_SetAlarm_IT  stm32wlxx_hal_rtc.o
    0x0800366c   0x0800366c   0x00000034   Code   RO         3370    i.HAL_RTC_WaitForSynchro  stm32wlxx_hal_rtc.o
    0x080036a0   0x080036a0   0x0000000e   Code   RO         1664    i.HAL_ResumeTick    stm32wlxx_hal.o
    0x080036ae   0x080036ae   0x00000002   PAD
    0x080036b0   0x080036b0   0x00000018   Code   RO         5300    i.HAL_SUBGHZ_CADStatusCallback  radio_driver.o
    0x080036c8   0x080036c8   0x0000000c   Code   RO         5301    i.HAL_SUBGHZ_CRCErrorCallback  radio_driver.o
    0x080036d4   0x080036d4   0x00000070   Code   RO         3849    i.HAL_SUBGHZ_ExecGetCmd  stm32wlxx_hal_subghz.o
    0x08003744   0x08003744   0x0000007a   Code   RO         3850    i.HAL_SUBGHZ_ExecSetCmd  stm32wlxx_hal_subghz.o
    0x080037be   0x080037be   0x00000002   PAD
    0x080037c0   0x080037c0   0x0000000c   Code   RO         5302    i.HAL_SUBGHZ_HeaderErrorCallback  radio_driver.o
    0x080037cc   0x080037cc   0x0000000c   Code   RO         5303    i.HAL_SUBGHZ_HeaderValidCallback  radio_driver.o
    0x080037d8   0x080037d8   0x00000094   Code   RO         3855    i.HAL_SUBGHZ_IRQHandler  stm32wlxx_hal_subghz.o
    0x0800386c   0x0800386c   0x000000a4   Code   RO         3856    i.HAL_SUBGHZ_Init   stm32wlxx_hal_subghz.o
    0x08003910   0x08003910   0x0000002a   Code   RO         1030    i.HAL_SUBGHZ_MspInit  subghz.o
    0x0800393a   0x0800393a   0x00000002   PAD
    0x0800393c   0x0800393c   0x0000000c   Code   RO         5304    i.HAL_SUBGHZ_PreambleDetectedCallback  radio_driver.o
    0x08003948   0x08003948   0x00000078   Code   RO         3860    i.HAL_SUBGHZ_ReadBuffer  stm32wlxx_hal_subghz.o
    0x080039c0   0x080039c0   0x00000080   Code   RO         3862    i.HAL_SUBGHZ_ReadRegisters  stm32wlxx_hal_subghz.o
    0x08003a40   0x08003a40   0x0000000c   Code   RO         5305    i.HAL_SUBGHZ_RxCpltCallback  radio_driver.o
    0x08003a4c   0x08003a4c   0x00000010   Code   RO         5306    i.HAL_SUBGHZ_RxTxTimeoutCallback  radio_driver.o
    0x08003a5c   0x08003a5c   0x0000000c   Code   RO         5307    i.HAL_SUBGHZ_SyncWordValidCallback  radio_driver.o
    0x08003a68   0x08003a68   0x0000000c   Code   RO         5308    i.HAL_SUBGHZ_TxCpltCallback  radio_driver.o
    0x08003a74   0x08003a74   0x0000006e   Code   RO         3867    i.HAL_SUBGHZ_WriteBuffer  stm32wlxx_hal_subghz.o
    0x08003ae2   0x08003ae2   0x0000007a   Code   RO         3869    i.HAL_SUBGHZ_WriteRegisters  stm32wlxx_hal_subghz.o
    0x08003b5c   0x08003b5c   0x0000000e   Code   RO         1676    i.HAL_SuspendTick   stm32wlxx_hal.o
    0x08003b6a   0x08003b6a   0x0000004a   Code   RO         4491    i.HAL_UARTEx_EnableFifoMode  stm32wlxx_hal_uart_ex.o
    0x08003bb4   0x08003bb4   0x00000026   Code   RO         4492    i.HAL_UARTEx_EnableStopMode  stm32wlxx_hal_uart_ex.o
    0x08003bda   0x08003bda   0x00000002   Code   RO         4075    i.HAL_UARTEx_RxEventCallback  stm32wlxx_hal_uart.o
    0x08003bdc   0x08003bdc   0x00000002   Code   RO         4496    i.HAL_UARTEx_RxFifoFullCallback  stm32wlxx_hal_uart_ex.o
    0x08003bde   0x08003bde   0x0000004c   Code   RO         4497    i.HAL_UARTEx_SetRxFifoThreshold  stm32wlxx_hal_uart_ex.o
    0x08003c2a   0x08003c2a   0x0000004c   Code   RO         4498    i.HAL_UARTEx_SetTxFifoThreshold  stm32wlxx_hal_uart_ex.o
    0x08003c76   0x08003c76   0x0000008a   Code   RO         4499    i.HAL_UARTEx_StopModeWakeUpSourceConfig  stm32wlxx_hal_uart_ex.o
    0x08003d00   0x08003d00   0x00000002   Code   RO         4500    i.HAL_UARTEx_TxFifoEmptyCallback  stm32wlxx_hal_uart_ex.o
    0x08003d02   0x08003d02   0x00000002   Code   RO         4501    i.HAL_UARTEx_WakeupCallback  stm32wlxx_hal_uart_ex.o
    0x08003d04   0x08003d04   0x00000002   Code   RO         4091    i.HAL_UART_ErrorCallback  stm32wlxx_hal_uart.o
    0x08003d06   0x08003d06   0x00000002   PAD
    0x08003d08   0x08003d08   0x00000284   Code   RO         4094    i.HAL_UART_IRQHandler  stm32wlxx_hal_uart.o
    0x08003f8c   0x08003f8c   0x0000006a   Code   RO         4095    i.HAL_UART_Init     stm32wlxx_hal_uart.o
    0x08003ff6   0x08003ff6   0x00000002   PAD
    0x08003ff8   0x08003ff8   0x00000038   Code   RO         1206    i.HAL_UART_MspDeInit  usart.o
    0x08004030   0x08004030   0x000000d0   Code   RO         1207    i.HAL_UART_MspInit  usart.o
    0x08004100   0x08004100   0x0000002a   Code   RO         4100    i.HAL_UART_Receive_IT  stm32wlxx_hal_uart.o
    0x0800412a   0x0800412a   0x00000002   PAD
    0x0800412c   0x0800412c   0x0000002c   Code   RO         1251    i.HAL_UART_RxCpltCallback  usart_if.o
    0x08004158   0x08004158   0x000000bc   Code   RO         4104    i.HAL_UART_Transmit  stm32wlxx_hal_uart.o
    0x08004214   0x08004214   0x00000098   Code   RO         4105    i.HAL_UART_Transmit_DMA  stm32wlxx_hal_uart.o
    0x080042ac   0x080042ac   0x0000000c   Code   RO         1252    i.HAL_UART_TxCpltCallback  usart_if.o
    0x080042b8   0x080042b8   0x00000002   Code   RO         4108    i.HAL_UART_TxHalfCpltCallback  stm32wlxx_hal_uart.o
    0x080042ba   0x080042ba   0x00000002   Code   RO          916    i.HardFault_Handler  stm32wlxx_it.o
    0x080042bc   0x080042bc   0x0000004c   Code   RO          231    i.JoinNetworkTask_Process  subghz_phy_app.o
    0x08004308   0x08004308   0x00000014   Code   RO          506    i.LL_AHB1_GRP1_EnableClock  dma.o
    0x0800431c   0x0800431c   0x00000014   Code   RO         6314    i.LL_AHB1_GRP1_EnableClock  smartfram_encryptionaes.o
    0x08004330   0x08004330   0x0000000c   Code   RO         1078    i.LL_AHB2_GRP1_DisableClock  sys_app.o
    0x0800433c   0x0800433c   0x00000014   Code   RO         1079    i.LL_AHB2_GRP1_EnableClock  sys_app.o
    0x08004350   0x08004350   0x00000014   Code   RO         1344    i.LL_AHB2_GRP1_EnableClock  radio_board_if.o
    0x08004364   0x08004364   0x00000010   Code   RO         3870    i.LL_PWR_SelectSUBGHZSPI_NSS  stm32wlxx_hal_subghz.o
    0x08004374   0x08004374   0x00000014   Code   RO         3871    i.LL_PWR_SetRadioBusyTrigger  stm32wlxx_hal_subghz.o
    0x08004388   0x08004388   0x00000010   Code   RO         3872    i.LL_PWR_UnselectSUBGHZSPI_NSS  stm32wlxx_hal_subghz.o
    0x08004398   0x08004398   0x0000000c   Code   RO         3015    i.LL_RCC_GetSysClkSource  stm32wlxx_hal_rcc.o
    0x080043a4   0x080043a4   0x0000000c   Code   RO         3016    i.LL_RCC_HSE_IsReady  stm32wlxx_hal_rcc.o
    0x080043b0   0x080043b0   0x0000000c   Code   RO         3017    i.LL_RCC_HSI_IsReady  stm32wlxx_hal_rcc.o
    0x080043bc   0x080043bc   0x00000012   Code   RO         3018    i.LL_RCC_HSI_SetCalibTrimming  stm32wlxx_hal_rcc.o
    0x080043ce   0x080043ce   0x0000000e   Code   RO         3184    i.LL_RCC_LSE_IsReady  stm32wlxx_hal_rcc_ex.o
    0x080043dc   0x080043dc   0x0000000c   Code   RO         3019    i.LL_RCC_MSI_IsReady  stm32wlxx_hal_rcc.o
    0x080043e8   0x080043e8   0x00000012   Code   RO         3020    i.LL_RCC_MSI_SetCalibTrimming  stm32wlxx_hal_rcc.o
    0x080043fa   0x080043fa   0x0000000c   Code   RO         3021    i.LL_RCC_PLL_GetMainSource  stm32wlxx_hal_rcc.o
    0x08004406   0x08004406   0x0000000c   Code   RO         3022    i.LL_RCC_PLL_IsReady  stm32wlxx_hal_rcc.o
    0x08004412   0x08004412   0x0000001e   Code   RO         3190    i.LL_RCC_SetI2CClockSource  stm32wlxx_hal_rcc_ex.o
    0x08004430   0x08004430   0x00000016   Code   RO         3191    i.LL_RCC_SetLPTIMClockSource  stm32wlxx_hal_rcc_ex.o
    0x08004446   0x08004446   0x00000014   Code   RO         3192    i.LL_RCC_SetUSARTClockSource  stm32wlxx_hal_rcc_ex.o
    0x0800445a   0x0800445a   0x00000002   PAD
    0x0800445c   0x0800445c   0x0000000c   Code   RO          917    i.LPUART1_IRQHandler  stm32wlxx_it.o
    0x08004468   0x08004468   0x00000022   Code   RO          507    i.MX_DMA_Init       dma.o
    0x0800448a   0x0800448a   0x00000002   PAD
    0x0800448c   0x0800448c   0x000000e4   Code   RO         6784    i.MX_IWDG_Init      smartfram_sysinit.o
    0x08004570   0x08004570   0x00000010   Code   RO         6785    i.MX_IWDG_Reload    smartfram_sysinit.o
    0x08004580   0x08004580   0x0000006c   Code   RO         1208    i.MX_LPUART1_UART_Init  usart.o
    0x080045ec   0x080045ec   0x0000006c   Code   RO          586    i.MX_RTC_Init       rtc.o
    0x08004658   0x08004658   0x00000020   Code   RO         1031    i.MX_SUBGHZ_Init    subghz.o
    0x08004678   0x08004678   0x0000000e   Code   RO            5    i.MX_SubGHz_Phy_Init  app_subghz_phy.o
    0x08004686   0x08004686   0x00000008   Code   RO            6    i.MX_SubGHz_Phy_Process  app_subghz_phy.o
    0x0800468e   0x0800468e   0x00000002   Code   RO          918    i.MemManage_Handler  stm32wlxx_it.o
    0x08004690   0x08004690   0x00000098   Code   RO          232    i.MessageReceive_Process  subghz_phy_app.o
    0x08004728   0x08004728   0x000000cc   Code   RO          233    i.MessageTransmission_Process  subghz_phy_app.o
    0x080047f4   0x080047f4   0x00000002   Code   RO          919    i.NMI_Handler       stm32wlxx_it.o
    0x080047f6   0x080047f6   0x00000002   PAD
    0x080047f8   0x080047f8   0x00000048   Code   RO          234    i.OnRxDone          subghz_phy_app.o
    0x08004840   0x08004840   0x00000018   Code   RO          235    i.OnRxError         subghz_phy_app.o
    0x08004858   0x08004858   0x00000018   Code   RO          236    i.OnRxTimeout       subghz_phy_app.o
    0x08004870   0x08004870   0x00000018   Code   RO          237    i.OnTxDone          subghz_phy_app.o
    0x08004888   0x08004888   0x00000018   Code   RO          238    i.OnTxTimeout       subghz_phy_app.o
    0x080048a0   0x080048a0   0x00000002   Code   RO          802    i.PWR_EnterOffMode  stm32_lpm_if.o
    0x080048a2   0x080048a2   0x00000012   Code   RO          803    i.PWR_EnterSleepMode  stm32_lpm_if.o
    0x080048b4   0x080048b4   0x00000018   Code   RO          804    i.PWR_EnterStopMode  stm32_lpm_if.o
    0x080048cc   0x080048cc   0x00000002   Code   RO          805    i.PWR_ExitOffMode   stm32_lpm_if.o
    0x080048ce   0x080048ce   0x00000004   Code   RO          806    i.PWR_ExitSleepMode  stm32_lpm_if.o
    0x080048d2   0x080048d2   0x0000000e   Code   RO          807    i.PWR_ExitStopMode  stm32_lpm_if.o
    0x080048e0   0x080048e0   0x00000002   Code   RO          920    i.PendSV_Handler    stm32wlxx_it.o
    0x080048e2   0x080048e2   0x00000040   Code   RO         1345    i.RBI_ConfigRFSwitch  radio_board_if.o
    0x08004922   0x08004922   0x00000004   Code   RO         1347    i.RBI_GetTxConfig   radio_board_if.o
    0x08004926   0x08004926   0x00000004   Code   RO         1348    i.RBI_GetWakeUpTime  radio_board_if.o
    0x0800492a   0x0800492a   0x00000068   Code   RO         1349    i.RBI_Init          radio_board_if.o
    0x08004992   0x08004992   0x00000004   Code   RO         1350    i.RBI_IsDCDC        radio_board_if.o
    0x08004996   0x08004996   0x00000004   Code   RO         1351    i.RBI_IsTCXO        radio_board_if.o
    0x0800499a   0x0800499a   0x00000002   PAD
    0x0800499c   0x0800499c   0x0000008c   Code   RO         3023    i.RCC_SetFlashLatency  stm32wlxx_hal_rcc.o
    0x08004a28   0x08004a28   0x00000044   Code   RO         3024    i.RCC_SetFlashLatencyFromMSIRange  stm32wlxx_hal_rcc.o
    0x08004a6c   0x08004a6c   0x00000086   Code   RO         4985    i.RNG_RecoverSeedError  stm32wlxx_hal_rng.o
    0x08004af2   0x08004af2   0x00000002   PAD
    0x08004af4   0x08004af4   0x0000000c   Code   RO          921    i.RTC_Alarm_IRQHandler  stm32wlxx_it.o
    0x08004b00   0x08004b00   0x00000016   Code   RO         3372    i.RTC_ByteToBcd2    stm32wlxx_hal_rtc.o
    0x08004b16   0x08004b16   0x00000002   PAD
    0x08004b18   0x08004b18   0x0000004c   Code   RO         3373    i.RTC_EnterInitMode  stm32wlxx_hal_rtc.o
    0x08004b64   0x08004b64   0x00000058   Code   RO         3374    i.RTC_ExitInitMode  stm32wlxx_hal_rtc.o
    0x08004bbc   0x08004bbc   0x00000004   Code   RO         5069    i.RadioCheckRfFrequency  radio.o
    0x08004bc0   0x08004bc0   0x00000028   Code   RO         5070    i.RadioGetFskBandwidthRegValue  radio.o
    0x08004be8   0x08004be8   0x0000007a   Code   RO         5071    i.RadioGetLoRaTimeOnAirNumerator  radio.o
    0x08004c62   0x08004c62   0x00000022   Code   RO         5072    i.RadioGetStatus    radio.o
    0x08004c84   0x08004c84   0x0000000a   Code   RO         5073    i.RadioGetWakeupTime  radio.o
    0x08004c8e   0x08004c8e   0x00000002   PAD
    0x08004c90   0x08004c90   0x00000090   Code   RO         5074    i.RadioInit         radio.o
    0x08004d20   0x08004d20   0x00000164   Code   RO         5075    i.RadioIrqProcess   radio.o
    0x08004e84   0x08004e84   0x00000086   Code   RO         5076    i.RadioIsChannelFree  radio.o
    0x08004f0a   0x08004f0a   0x00000002   PAD
    0x08004f0c   0x08004f0c   0x00000010   Code   RO         5077    i.RadioOnDioIrq     radio.o
    0x08004f1c   0x08004f1c   0x00000018   Code   RO         5078    i.RadioOnRxTimeoutIrq  radio.o
    0x08004f34   0x08004f34   0x00000018   Code   RO         5079    i.RadioOnTxTimeoutIrq  radio.o
    0x08004f4c   0x08004f4c   0x0000001c   Code   RO         5080    i.RadioRandom       radio.o
    0x08004f68   0x08004f68   0x00000004   Code   RO         5081    i.RadioRead         radio.o
    0x08004f6c   0x08004f6c   0x00000004   Code   RO         5082    i.RadioReadRegisters  radio.o
    0x08004f70   0x08004f70   0x00000004   Code   RO         5083    i.RadioRssi         radio.o
    0x08004f74   0x08004f74   0x0000004c   Code   RO         5084    i.RadioRx           radio.o
    0x08004fc0   0x08004fc0   0x0000004c   Code   RO         5085    i.RadioRxBoosted    radio.o
    0x0800500c   0x0800500c   0x000000f4   Code   RO         5086    i.RadioSend         radio.o
    0x08005100   0x08005100   0x00000004   Code   RO         5087    i.RadioSetChannel   radio.o
    0x08005104   0x08005104   0x00000034   Code   RO         5088    i.RadioSetMaxPayloadLength  radio.o
    0x08005138   0x08005138   0x00000048   Code   RO         5089    i.RadioSetModem     radio.o
    0x08005180   0x08005180   0x00000038   Code   RO         5090    i.RadioSetPublicNetwork  radio.o
    0x080051b8   0x080051b8   0x000002b0   Code   RO         5091    i.RadioSetRxConfig  radio.o
    0x08005468   0x08005468   0x00000024   Code   RO         5092    i.RadioSetRxDutyCycle  radio.o
    0x0800548c   0x0800548c   0x000001dc   Code   RO         5093    i.RadioSetRxGenericConfig  radio.o
    0x08005668   0x08005668   0x00000198   Code   RO         5094    i.RadioSetTxConfig  radio.o
    0x08005800   0x08005800   0x0000003c   Code   RO         5095    i.RadioSetTxContinuousWave  radio.o
    0x0800583c   0x0800583c   0x000001ac   Code   RO         5096    i.RadioSetTxGenericConfig  radio.o
    0x080059e8   0x080059e8   0x00000012   Code   RO         5097    i.RadioSleep        radio.o
    0x080059fa   0x080059fa   0x00000006   Code   RO         5098    i.RadioStandby      radio.o
    0x08005a00   0x08005a00   0x00000018   Code   RO         5099    i.RadioStartCad     radio.o
    0x08005a18   0x08005a18   0x000000d0   Code   RO         5100    i.RadioTimeOnAir    radio.o
    0x08005ae8   0x08005ae8   0x00000014   Code   RO         5101    i.RadioTxCw         radio.o
    0x08005afc   0x08005afc   0x00000030   Code   RO         5102    i.RadioTxPrbs       radio.o
    0x08005b2c   0x08005b2c   0x00000004   Code   RO         5103    i.RadioWrite        radio.o
    0x08005b30   0x08005b30   0x00000004   Code   RO         5104    i.RadioWriteRegisters  radio.o
    0x08005b34   0x08005b34   0x00000028   Code   RO         5309    i.Radio_SMPS_Set    radio_driver.o
    0x08005b5c   0x08005b5c   0x00000034   Code   RO         5944    i.SEQ_BitPosition   stm32_seq.o
    0x08005b90   0x08005b90   0x00000024   Code   RO         3874    i.SUBGHZSPI_Init    stm32wlxx_hal_subghz.o
    0x08005bb4   0x08005bb4   0x0000005c   Code   RO         3875    i.SUBGHZSPI_Receive  stm32wlxx_hal_subghz.o
    0x08005c10   0x08005c10   0x00000058   Code   RO         3876    i.SUBGHZSPI_Transmit  stm32wlxx_hal_subghz.o
    0x08005c68   0x08005c68   0x00000022   Code   RO         3877    i.SUBGHZ_CheckDeviceReady  stm32wlxx_hal_subghz.o
    0x08005c8a   0x08005c8a   0x00000002   PAD
    0x08005c8c   0x08005c8c   0x0000000c   Code   RO          922    i.SUBGHZ_Radio_IRQHandler  stm32wlxx_it.o
    0x08005c98   0x08005c98   0x00000048   Code   RO         3878    i.SUBGHZ_WaitOnBusy  stm32wlxx_hal_subghz.o
    0x08005ce0   0x08005ce0   0x0000004c   Code   RO         5310    i.SUBGRF_Calibrate  radio_driver.o
    0x08005d2c   0x08005d2c   0x0000007c   Code   RO         5311    i.SUBGRF_CalibrateImage  radio_driver.o
    0x08005da8   0x08005da8   0x0000000c   Code   RO         5316    i.SUBGRF_GetOperatingMode  radio_driver.o
    0x08005db4   0x08005db4   0x00000078   Code   RO         5317    i.SUBGRF_GetPacketStatus  radio_driver.o
    0x08005e2c   0x08005e2c   0x0000002e   Code   RO         5319    i.SUBGRF_GetPayload  radio_driver.o
    0x08005e5a   0x08005e5a   0x00000004   Code   RO         5320    i.SUBGRF_GetRadioWakeUpTime  radio_driver.o
    0x08005e5e   0x08005e5e   0x0000005e   Code   RO         5321    i.SUBGRF_GetRandom  radio_driver.o
    0x08005ebc   0x08005ebc   0x00000020   Code   RO         5322    i.SUBGRF_GetRssiInst  radio_driver.o
    0x08005edc   0x08005edc   0x00000040   Code   RO         5323    i.SUBGRF_GetRxBufferStatus  radio_driver.o
    0x08005f1c   0x08005f1c   0x00000060   Code   RO         5325    i.SUBGRF_Init       radio_driver.o
    0x08005f7c   0x08005f7c   0x00000010   Code   RO         5326    i.SUBGRF_ReadBuffer  radio_driver.o
    0x08005f8c   0x08005f8c   0x00000018   Code   RO         5327    i.SUBGRF_ReadRegister  radio_driver.o
    0x08005fa4   0x08005fa4   0x00000010   Code   RO         5328    i.SUBGRF_ReadRegisters  radio_driver.o
    0x08005fb4   0x08005fb4   0x00000012   Code   RO         5329    i.SUBGRF_SendPayload  radio_driver.o
    0x08005fc6   0x08005fc6   0x00000002   PAD
    0x08005fc8   0x08005fc8   0x0000001c   Code   RO         5330    i.SUBGRF_SetBufferBaseAddress  radio_driver.o
    0x08005fe4   0x08005fe4   0x00000020   Code   RO         5331    i.SUBGRF_SetCad     radio_driver.o
    0x08006004   0x08006004   0x00000028   Code   RO         5333    i.SUBGRF_SetCrcPolynomial  radio_driver.o
    0x0800602c   0x0800602c   0x00000028   Code   RO         5334    i.SUBGRF_SetCrcSeed  radio_driver.o
    0x08006054   0x08006054   0x0000003c   Code   RO         5335    i.SUBGRF_SetDioIrqParams  radio_driver.o
    0x08006090   0x08006090   0x0000003c   Code   RO         5337    i.SUBGRF_SetLoRaSymbNumTimeout  radio_driver.o
    0x080060cc   0x080060cc   0x000000e8   Code   RO         5338    i.SUBGRF_SetModulationParams  radio_driver.o
    0x080061b4   0x080061b4   0x00000024   Code   RO         5339    i.SUBGRF_SetPaConfig  radio_driver.o
    0x080061d8   0x080061d8   0x000000dc   Code   RO         5340    i.SUBGRF_SetPacketParams  radio_driver.o
    0x080062b4   0x080062b4   0x0000002c   Code   RO         5341    i.SUBGRF_SetPacketType  radio_driver.o
    0x080062e0   0x080062e0   0x0000000a   Code   RO         5342    i.SUBGRF_SetPayload  radio_driver.o
    0x080062ea   0x080062ea   0x00000002   PAD
    0x080062ec   0x080062ec   0x00000024   Code   RO         5343    i.SUBGRF_SetRegulatorMode  radio_driver.o
    0x08006310   0x08006310   0x00000050   Code   RO         5344    i.SUBGRF_SetRfFrequency  radio_driver.o
    0x08006360   0x08006360   0x0000002a   Code   RO         5345    i.SUBGRF_SetRfTxPower  radio_driver.o
    0x0800638a   0x0800638a   0x00000002   PAD
    0x0800638c   0x0800638c   0x00000030   Code   RO         5346    i.SUBGRF_SetRx      radio_driver.o
    0x080063bc   0x080063bc   0x0000003c   Code   RO         5347    i.SUBGRF_SetRxBoosted  radio_driver.o
    0x080063f8   0x080063f8   0x00000040   Code   RO         5348    i.SUBGRF_SetRxDutyCycle  radio_driver.o
    0x08006438   0x08006438   0x00000044   Code   RO         5350    i.SUBGRF_SetSleep   radio_driver.o
    0x0800647c   0x0800647c   0x00000028   Code   RO         5351    i.SUBGRF_SetStandby  radio_driver.o
    0x080064a4   0x080064a4   0x00000014   Code   RO         5352    i.SUBGRF_SetStopRxTimerOnPreambleDetect  radio_driver.o
    0x080064b8   0x080064b8   0x00000028   Code   RO         5353    i.SUBGRF_SetSwitch  radio_driver.o
    0x080064e0   0x080064e0   0x00000012   Code   RO         5354    i.SUBGRF_SetSyncWord  radio_driver.o
    0x080064f2   0x080064f2   0x00000002   PAD
    0x080064f4   0x080064f4   0x0000002c   Code   RO         5355    i.SUBGRF_SetTcxoMode  radio_driver.o
    0x08006520   0x08006520   0x00000030   Code   RO         5356    i.SUBGRF_SetTx      radio_driver.o
    0x08006550   0x08006550   0x00000010   Code   RO         5357    i.SUBGRF_SetTxContinuousWave  radio_driver.o
    0x08006560   0x08006560   0x00000010   Code   RO         5358    i.SUBGRF_SetTxInfinitePreamble  radio_driver.o
    0x08006570   0x08006570   0x00000094   Code   RO         5359    i.SUBGRF_SetTxParams  radio_driver.o
    0x08006604   0x08006604   0x00000038   Code   RO         5360    i.SUBGRF_SetWhiteningSeed  radio_driver.o
    0x0800663c   0x0800663c   0x00000010   Code   RO         5361    i.SUBGRF_WriteBuffer  radio_driver.o
    0x0800664c   0x0800664c   0x00000014   Code   RO         5362    i.SUBGRF_WriteRegister  radio_driver.o
    0x08006660   0x08006660   0x00000010   Code   RO         5363    i.SUBGRF_WriteRegisters  radio_driver.o
    0x08006670   0x08006670   0x00000002   Code   RO          923    i.SVC_Handler       stm32wlxx_it.o
    0x08006672   0x08006672   0x00000002   PAD
    0x08006674   0x08006674   0x00000038   Code   RO         6315    i.Smartfram_AES_Init  smartfram_encryptionaes.o
    0x080066ac   0x080066ac   0x00000088   Code   RO         6687    i.Smartfram_Command_CCS811  smartfram_command.o
    0x08006734   0x08006734   0x00000074   Code   RO         6688    i.Smartfram_Command_LIGHT  smartfram_command.o
    0x080067a8   0x080067a8   0x0000007e   Code   RO         6689    i.Smartfram_Command_ScanACK  smartfram_command.o
    0x08006826   0x08006826   0x00000002   PAD
    0x08006828   0x08006828   0x00000074   Code   RO         6690    i.Smartfram_Command_SoilMoisture  smartfram_command.o
    0x0800689c   0x0800689c   0x00000098   Code   RO         6691    i.Smartfram_Command_TEMP_HUM  smartfram_command.o
    0x08006934   0x08006934   0x00000032   Code   RO         6316    i.Smartfram_DMA_Init  smartfram_encryptionaes.o
    0x08006966   0x08006966   0x00000002   PAD
    0x08006968   0x08006968   0x000000e8   Code   RO         6317    i.Smartfram_Decrypted  smartfram_encryptionaes.o
    0x08006a50   0x08006a50   0x00000078   Code   RO         6318    i.Smartfram_DecryptedPrivate  smartfram_encryptionaes.o
    0x08006ac8   0x08006ac8   0x0000008c   Code   RO         6319    i.Smartfram_DecryptedPublic  smartfram_encryptionaes.o
    0x08006b54   0x08006b54   0x000000a0   Code   RO         6320    i.Smartfram_Encrypted  smartfram_encryptionaes.o
    0x08006bf4   0x08006bf4   0x00000078   Code   RO         6321    i.Smartfram_EncryptedPrivate  smartfram_encryptionaes.o
    0x08006c6c   0x08006c6c   0x0000008c   Code   RO         6322    i.Smartfram_EncryptedPublic  smartfram_encryptionaes.o
    0x08006cf8   0x08006cf8   0x00000014   Code   RO         6439    i.Smartfram_GetMACAdress2  smartfram_joinnetwork.o
    0x08006d0c   0x08006d0c   0x0000003a   Code   RO         6440    i.Smartfram_JoinNetWork_GetConfirm  smartfram_joinnetwork.o
    0x08006d46   0x08006d46   0x00000032   Code   RO         6441    i.Smartfram_JoinNetWork_GetJoinDone  smartfram_joinnetwork.o
    0x08006d78   0x08006d78   0x0000003a   Code   RO         6442    i.Smartfram_JoinNetWork_GetRequetst  smartfram_joinnetwork.o
    0x08006db2   0x08006db2   0x00000002   PAD
    0x08006db4   0x08006db4   0x00000060   Code   RO         6443    i.Smartfram_JoinNetWork_SendAccept  smartfram_joinnetwork.o
    0x08006e14   0x08006e14   0x00000054   Code   RO         6444    i.Smartfram_JoinNetWork_SendCompleted  smartfram_joinnetwork.o
    0x08006e68   0x08006e68   0x00000164   Code   RO         6636    i.Smartfram_Messeger_GetDeviceToGetway  smartfram_messeger.o
    0x08006fcc   0x08006fcc   0x0000006c   Code   RO         6637    i.Smartfram_Messeger_SendGetwayToDevice  smartfram_messeger.o
    0x08007038   0x08007038   0x00000088   Code   RO         6324    i.Smartfram_RNG_Init  smartfram_encryptionaes.o
    0x080070c0   0x080070c0   0x00000168   Code   RO          239    i.SubghzApp_Init    subghz_phy_app.o
    0x08007228   0x08007228   0x00000004   Code   RO          924    i.SysTick_Handler   stm32wlxx_it.o
    0x0800722c   0x0800722c   0x00000026   Code   RO         6074    i.SysTimeAdd        stm32_systime.o
    0x08007252   0x08007252   0x00000002   PAD
    0x08007254   0x08007254   0x00000044   Code   RO         6076    i.SysTimeGet        stm32_systime.o
    0x08007298   0x08007298   0x00000048   Code   RO          240    i.Sys_JoinNetwork_ReceiveMode  subghz_phy_app.o
    0x080072e0   0x080072e0   0x0000002c   Code   RO          241    i.Sys_JoinNetwork_TransmissionMode  subghz_phy_app.o
    0x0800730c   0x0800730c   0x00000044   Code   RO         1080    i.SystemApp_Init    sys_app.o
    0x08007350   0x08007350   0x0000007c   Code   RO          539    i.SystemClock_Config  main.o
    0x080073cc   0x080073cc   0x00000002   Code   RO         1605    i.SystemInit        system_stm32wlxx.o
    0x080073ce   0x080073ce   0x00000002   PAD
    0x080073d0   0x080073d0   0x0000000c   Code   RO          925    i.TAMP_STAMP_LSECSS_SSRU_IRQHandler  stm32wlxx_it.o
    0x080073dc   0x080073dc   0x0000000c   Code   RO          635    i.TIMER_IF_BkUp_Read_MSBticks  timer_if.o
    0x080073e8   0x080073e8   0x0000000c   Code   RO          636    i.TIMER_IF_BkUp_Read_Seconds  timer_if.o
    0x080073f4   0x080073f4   0x0000000c   Code   RO          637    i.TIMER_IF_BkUp_Read_SubSeconds  timer_if.o
    0x08007400   0x08007400   0x00000010   Code   RO          638    i.TIMER_IF_BkUp_Write_MSBticks  timer_if.o
    0x08007410   0x08007410   0x00000010   Code   RO          639    i.TIMER_IF_BkUp_Write_Seconds  timer_if.o
    0x08007420   0x08007420   0x00000010   Code   RO          640    i.TIMER_IF_BkUp_Write_SubSeconds  timer_if.o
    0x08007430   0x08007430   0x00000010   Code   RO          641    i.TIMER_IF_Convert_Tick2ms  timer_if.o
    0x08007440   0x08007440   0x00000012   Code   RO          642    i.TIMER_IF_Convert_ms2Tick  timer_if.o
    0x08007452   0x08007452   0x0000001e   Code   RO          643    i.TIMER_IF_DelayMs  timer_if.o
    0x08007470   0x08007470   0x00000004   Code   RO          644    i.TIMER_IF_GetMinimumTimeout  timer_if.o
    0x08007474   0x08007474   0x00000028   Code   RO          645    i.TIMER_IF_GetTime  timer_if.o
    0x0800749c   0x0800749c   0x0000000c   Code   RO          646    i.TIMER_IF_GetTimerContext  timer_if.o
    0x080074a8   0x080074a8   0x00000014   Code   RO          647    i.TIMER_IF_GetTimerElapsedTime  timer_if.o
    0x080074bc   0x080074bc   0x00000014   Code   RO          648    i.TIMER_IF_GetTimerValue  timer_if.o
    0x080074d0   0x080074d0   0x00000048   Code   RO          649    i.TIMER_IF_Init     timer_if.o
    0x08007518   0x08007518   0x00000010   Code   RO          650    i.TIMER_IF_SetTimerContext  timer_if.o
    0x08007528   0x08007528   0x0000004c   Code   RO          651    i.TIMER_IF_StartTimer  timer_if.o
    0x08007574   0x08007574   0x00000024   Code   RO          652    i.TIMER_IF_StopTimer  timer_if.o
    0x08007598   0x08007598   0x00000060   Code   RO         5689    i.TRACE_AllocateBufer  stm32_adv_trace.o
    0x080075f8   0x080075f8   0x00000018   Code   RO         5690    i.TRACE_Lock        stm32_adv_trace.o
    0x08007610   0x08007610   0x00000088   Code   RO         5691    i.TRACE_Send        stm32_adv_trace.o
    0x08007698   0x08007698   0x00000094   Code   RO         5692    i.TRACE_TxCpltCallback  stm32_adv_trace.o
    0x0800772c   0x0800772c   0x00000018   Code   RO         5693    i.TRACE_UnLock      stm32_adv_trace.o
    0x08007744   0x08007744   0x00000054   Code   RO          242    i.TimeObjectFS_CountOut  subghz_phy_app.o
    0x08007798   0x08007798   0x0000001c   Code   RO         6161    i.TimerExists       stm32_timer.o
    0x080077b4   0x080077b4   0x00000018   Code   RO         6162    i.TimerInsertNewHeadTimer  stm32_timer.o
    0x080077cc   0x080077cc   0x00000028   Code   RO         6163    i.TimerInsertTimer  stm32_timer.o
    0x080077f4   0x080077f4   0x00000034   Code   RO         6164    i.TimerSetTimeout   stm32_timer.o
    0x08007828   0x08007828   0x00000034   Code   RO         1081    i.TimestampNow      sys_app.o
    0x0800785c   0x0800785c   0x00000064   Code   RO         4502    i.UARTEx_SetNbDataToProcess  stm32wlxx_hal_uart_ex.o
    0x080078c0   0x080078c0   0x000000c8   Code   RO         4109    i.UART_AdvFeatureConfig  stm32wlxx_hal_uart.o
    0x08007988   0x08007988   0x00000060   Code   RO         4110    i.UART_CheckIdleState  stm32wlxx_hal_uart.o
    0x080079e8   0x080079e8   0x00000014   Code   RO         4111    i.UART_DMAAbortOnError  stm32wlxx_hal_uart.o
    0x080079fc   0x080079fc   0x00000050   Code   RO         4112    i.UART_DMAError     stm32wlxx_hal_uart.o
    0x08007a4c   0x08007a4c   0x00000030   Code   RO         4117    i.UART_DMATransmitCplt  stm32wlxx_hal_uart.o
    0x08007a7c   0x08007a7c   0x0000000a   Code   RO         4119    i.UART_DMATxHalfCplt  stm32wlxx_hal_uart.o
    0x08007a86   0x08007a86   0x00000002   PAD
    0x08007a88   0x08007a88   0x00000038   Code   RO         4121    i.UART_EndRxTransfer  stm32wlxx_hal_uart.o
    0x08007ac0   0x08007ac0   0x0000001c   Code   RO         4122    i.UART_EndTxTransfer  stm32wlxx_hal_uart.o
    0x08007adc   0x08007adc   0x00000080   Code   RO         4123    i.UART_RxISR_16BIT  stm32wlxx_hal_uart.o
    0x08007b5c   0x08007b5c   0x00000134   Code   RO         4124    i.UART_RxISR_16BIT_FIFOEN  stm32wlxx_hal_uart.o
    0x08007c90   0x08007c90   0x00000080   Code   RO         4125    i.UART_RxISR_8BIT   stm32wlxx_hal_uart.o
    0x08007d10   0x08007d10   0x00000134   Code   RO         4126    i.UART_RxISR_8BIT_FIFOEN  stm32wlxx_hal_uart.o
    0x08007e44   0x08007e44   0x00000248   Code   RO         4127    i.UART_SetConfig    stm32wlxx_hal_uart.o
    0x0800808c   0x0800808c   0x000000d8   Code   RO         4129    i.UART_Start_Receive_IT  stm32wlxx_hal_uart.o
    0x08008164   0x08008164   0x000000a0   Code   RO         4134    i.UART_WaitOnFlagUntilTimeout  stm32wlxx_hal_uart.o
    0x08008204   0x08008204   0x000000b4   Code   RO         5694    i.UTIL_ADV_TRACE_COND_FSend  stm32_adv_trace.o
    0x080082b8   0x080082b8   0x00000034   Code   RO         5702    i.UTIL_ADV_TRACE_Init  stm32_adv_trace.o
    0x080082ec   0x080082ec   0x00000008   Code   RO         1082    i.UTIL_ADV_TRACE_PostSendHook  sys_app.o
    0x080082f4   0x080082f4   0x00000008   Code   RO         1083    i.UTIL_ADV_TRACE_PreSendHook  sys_app.o
    0x080082fc   0x080082fc   0x0000000c   Code   RO         5705    i.UTIL_ADV_TRACE_RegisterTimeStampFunction  stm32_adv_trace.o
    0x08008308   0x08008308   0x0000000c   Code   RO         5709    i.UTIL_ADV_TRACE_SetVerboseLevel  stm32_adv_trace.o
    0x08008314   0x08008314   0x0000000c   Code   RO         5710    i.UTIL_ADV_TRACE_StartRxProcess  stm32_adv_trace.o
    0x08008320   0x08008320   0x0000003c   Code   RO         5853    i.UTIL_LPM_EnterLowPower  stm32_lpm.o
    0x0800835c   0x0800835c   0x00000010   Code   RO         5855    i.UTIL_LPM_Init     stm32_lpm.o
    0x0800836c   0x0800836c   0x00000024   Code   RO         5856    i.UTIL_LPM_SetOffMode  stm32_lpm.o
    0x08008390   0x08008390   0x00000024   Code   RO         5857    i.UTIL_LPM_SetStopMode  stm32_lpm.o
    0x080083b4   0x080083b4   0x0000000e   Code   RO         5910    i.UTIL_MEM_set_8    stm32_mem.o
    0x080083c2   0x080083c2   0x00000004   Code   RO         1084    i.UTIL_SEQ_Idle     sys_app.o
    0x080083c6   0x080083c6   0x00000002   Code   RO         5954    i.UTIL_SEQ_PostIdle  stm32_seq.o
    0x080083c8   0x080083c8   0x00000002   Code   RO         5955    i.UTIL_SEQ_PreIdle  stm32_seq.o
    0x080083ca   0x080083ca   0x00000002   PAD
    0x080083cc   0x080083cc   0x00000020   Code   RO         5956    i.UTIL_SEQ_RegTask  stm32_seq.o
    0x080083ec   0x080083ec   0x000000d0   Code   RO         5958    i.UTIL_SEQ_Run      stm32_seq.o
    0x080084bc   0x080084bc   0x0000002c   Code   RO         5960    i.UTIL_SEQ_SetTask  stm32_seq.o
    0x080084e8   0x080084e8   0x0000003c   Code   RO         6165    i.UTIL_TIMER_Create  stm32_timer.o
    0x08008524   0x08008524   0x00000014   Code   RO         6167    i.UTIL_TIMER_GetCurrentTime  stm32_timer.o
    0x08008538   0x08008538   0x00000020   Code   RO         6168    i.UTIL_TIMER_GetElapsedTime  stm32_timer.o
    0x08008558   0x08008558   0x00000088   Code   RO         6171    i.UTIL_TIMER_IRQ_Handler  stm32_timer.o
    0x080085e0   0x080085e0   0x00000014   Code   RO         6172    i.UTIL_TIMER_Init   stm32_timer.o
    0x080085f4   0x080085f4   0x00000038   Code   RO         6174    i.UTIL_TIMER_SetPeriod  stm32_timer.o
    0x0800862c   0x0800862c   0x0000007c   Code   RO         6176    i.UTIL_TIMER_Start  stm32_timer.o
    0x080086a8   0x080086a8   0x00000068   Code   RO         6178    i.UTIL_TIMER_Stop   stm32_timer.o
    0x08008710   0x08008710   0x00000002   Code   RO          926    i.UsageFault_Handler  stm32wlxx_it.o
    0x08008712   0x08008712   0x00000002   PAD
    0x08008714   0x08008714   0x00000028   Code   RO         7072    i.__0sprintf        mc_w.l(printfa.o)
    0x0800873c   0x0800873c   0x00000020   Code   RO         1936    i.__NVIC_SetPriority  stm32wlxx_hal_cortex.o
    0x0800875c   0x0800875c   0x0000000e   Code   RO         7158    i.__scatterload_copy  mc_w.l(handlers.o)
    0x0800876a   0x0800876a   0x00000002   Code   RO         7159    i.__scatterload_null  mc_w.l(handlers.o)
    0x0800876c   0x0800876c   0x0000000e   Code   RO         7160    i.__scatterload_zeroinit  mc_w.l(handlers.o)
    0x0800877a   0x0800877a   0x00000002   PAD
    0x0800877c   0x0800877c   0x00000184   Code   RO         7077    i._fp_digits        mc_w.l(printfa.o)
    0x08008900   0x08008900   0x000006b4   Code   RO         7078    i._printf_core      mc_w.l(printfa.o)
    0x08008fb4   0x08008fb4   0x00000024   Code   RO         7079    i._printf_post_padding  mc_w.l(printfa.o)
    0x08008fd8   0x08008fd8   0x0000002e   Code   RO         7080    i._printf_pre_padding  mc_w.l(printfa.o)
    0x08009006   0x08009006   0x0000000a   Code   RO         7082    i._sputc            mc_w.l(printfa.o)
    0x08009010   0x08009010   0x000000f0   Code   RO         6285    i.ee_number         stm32_tiny_vsnprintf.o
    0x08009100   0x08009100   0x0000001e   Code   RO          540    i.main              main.o
    0x0800911e   0x0800911e   0x0000007c   Code   RO         5105    i.payload_integration  radio.o
    0x0800919a   0x0800919a   0x00000002   PAD
    0x0800919c   0x0800919c   0x00000020   Code   RO         6515    i.smartfram_FindUnicast  smartfram_flashsys.o
    0x080091bc   0x080091bc   0x0000000e   Code   RO         6516    i.smartfram_FlashEraseInit  smartfram_flashsys.o
    0x080091ca   0x080091ca   0x00000002   PAD
    0x080091cc   0x080091cc   0x00000038   Code   RO         6517    i.smartfram_FlashRemoveInforDevice  smartfram_flashsys.o
    0x08009204   0x08009204   0x0000004c   Code   RO         6518    i.smartfram_SaveJointInfoConfirm  smartfram_flashsys.o
    0x08009250   0x08009250   0x00000004   Code   RO         6519    i.smartfram_SaveJointInfoJoinDone  smartfram_flashsys.o
    0x08009254   0x08009254   0x00000054   Code   RO         6520    i.smartfram_SaveJointInfoRequetst  smartfram_flashsys.o
    0x080092a8   0x080092a8   0x00000004   Code   RO         6521    i.smartfram_SetKeyDevice  smartfram_flashsys.o
    0x080092ac   0x080092ac   0x00000012   Code   RO         1085    i.tiny_snprintf_like  sys_app.o
    0x080092be   0x080092be   0x00000002   PAD
    0x080092c0   0x080092c0   0x00000150   Code   RO         6286    i.tiny_vsnprintf_like  stm32_tiny_vsnprintf.o
    0x08009410   0x08009410   0x0000002c   Code   RO         1253    i.vcom_DeInit       usart_if.o
    0x0800943c   0x0800943c   0x00000024   Code   RO         1254    i.vcom_Init         usart_if.o
    0x08009460   0x08009460   0x00000048   Code   RO         1255    i.vcom_ReceiveInit  usart_if.o
    0x080094a8   0x080094a8   0x0000001c   Code   RO         1256    i.vcom_Resume       usart_if.o
    0x080094c4   0x080094c4   0x00000014   Code   RO         1258    i.vcom_Trace        usart_if.o
    0x080094d8   0x080094d8   0x00000014   Code   RO         1259    i.vcom_Trace_DMA    usart_if.o
    0x080094ec   0x080094ec   0x0000002c   Data   RO          653    .constdata          timer_if.o
    0x08009518   0x08009518   0x00000014   Data   RO          654    .constdata          timer_if.o
    0x0800952c   0x0800952c   0x00000018   Data   RO          808    .constdata          stm32_lpm_if.o
    0x08009544   0x08009544   0x00000010   Data   RO         1260    .constdata          usart_if.o
    0x08009554   0x08009554   0x00000080   Data   RO         1606    .constdata          system_stm32wlxx.o
    0x080095d4   0x080095d4   0x00000020   Data   RO         1607    .constdata          system_stm32wlxx.o
    0x080095f4   0x080095f4   0x0000001c   Data   RO         3025    .constdata          stm32wlxx_hal_rcc.o
    0x08009610   0x08009610   0x00000018   Data   RO         4135    .constdata          stm32wlxx_hal_uart.o
    0x08009628   0x08009628   0x000000f0   Data   RO         4650    .constdata          stm32wlxx_hal_cryp.o
    0x08009718   0x08009718   0x0000007c   Data   RO         5107    .constdata          radio.o
    0x08009794   0x08009794   0x000000b4   Data   RO         5108    .constdata          radio.o
    0x08009848   0x08009848   0x00000010   Data   RO         5963    .constdata          stm32_seq.o
    0x08009858   0x08009858   0x00000020   Data   RO         6329    .constdata          smartfram_encryptionaes.o
    0x08009878   0x08009878   0x0000004d   Data   RO         6287    .conststring        stm32_tiny_vsnprintf.o
    0x080098c5   0x080098c5   0x00000003   PAD
    0x080098c8   0x080098c8   0x00000020   Data   RO         7156    Region$$Table       anon$$obj.o


    Execution Region RW_IRAM1 (Exec base: 0x20000000, Load base: 0x080098e8, Size: 0x000024d8, Max: 0x00008000, ABSOLUTE)

    Exec Addr    Load Addr    Size         Type   Attr      Idx    E Section Name        Object

    0x20000000   0x080098e8   0x00000004   Data   RW          244    .data               subghz_phy_app.o
    0x20000004   0x080098ec   0x00000008   Data   RW          655    .data               timer_if.o
    0x2000000c   0x080098f4   0x0000000c   Data   RW         1261    .data               usart_if.o
    0x20000018   0x08009900   0x00000004   Data   RW         1608    .data               system_stm32wlxx.o
    0x2000001c   0x08009904   0x0000000c   Data   RW         1677    .data               stm32wlxx_hal.o
    0x20000028   0x08009910   0x00000008   Data   RW         5109    .data               radio.o
    0x20000030   0x08009918   0x0000000c   Data   RW         5364    .data               radio_driver.o
    0x2000003c   0x08009924   0x00000008   Data   RW         5858    .data               stm32_lpm.o
    0x20000044   0x0800992c   0x00000018   Data   RW         5964    .data               stm32_seq.o
    0x2000005c   0x08009944   0x00000004   Data   RW         6179    .data               stm32_timer.o
    0x20000060   0x08009948   0x00000008   Data   RW         6288    .data               stm32_tiny_vsnprintf.o
    0x20000068   0x08009950   0x00000018   Data   RW         6523    .data               smartfram_flashsys.o
    0x20000080   0x08009968   0x00000001   Data   RW         6524    .data               smartfram_flashsys.o
    0x20000081   0x08009969   0x00000003   PAD
    0x20000084   0x0800996c   0x00000010   Data   RW         6695    .data               smartfram_command.o
    0x20000094   0x0800997c   0x00000004   Data   RW         6786    .data               smartfram_sysinit.o
    0x20000098   0x08009980   0x00000002   Data   RW         6787    .data               smartfram_sysinit.o
    0x2000009a   0x08009982   0x00000002   PAD
    0x2000009c   0x08009984   0x00000004   Data   RW         6827    .data               mc_w.l(rand.o)
    0x200000a0        -       0x00000098   Zero   RW          243    .bss                subghz_phy_app.o
    0x20000138        -       0x00000038   Zero   RW          587    .bss                rtc.o
    0x20000170        -       0x0000000c   Zero   RW         1032    .bss                subghz.o
    0x2000017c        -       0x000000f0   Zero   RW         1209    .bss                usart.o
    0x2000026c        -       0x00000018   Zero   RW         2304    .bss                stm32wlxx_hal_flash.o
    0x20000284        -       0x00000188   Zero   RW         5106    .bss                radio.o
    0x2000040c        -       0x00000318   Zero   RW         5713    .bss                stm32_adv_trace.o
    0x20000724        -       0x00000090   Zero   RW         5962    .bss                stm32_seq.o
    0x200007b4        -       0x00000140   Zero   RW         6325    .bss                smartfram_encryptionaes.o
    0x200008f4        -       0x00000060   Zero   RW         6326    .bss                smartfram_encryptionaes.o
    0x20000954        -       0x00000060   Zero   RW         6327    .bss                smartfram_encryptionaes.o
    0x200009b4        -       0x0000100c   Zero   RW         6522    .bss                smartfram_flashsys.o
    0x200019c0        -       0x00000110   Zero   RW         6638    .bss                smartfram_messeger.o
    0x20001ad0        -       0x00000204   Zero   RW         6692    .bss                smartfram_command.o
    0x20001cd4   0x08009988   0x00000004   PAD
    0x20001cd8        -       0x00000800   Zero   RW         1334    STACK               startup_stm32wl55xx_cm4.o


    Execution Region RW_IRAM2 (Exec base: 0x20008000, Load base: 0x08009988, Size: 0x00008000, Max: 0x00008000, ABSOLUTE)

    Exec Addr    Load Addr    Size         Type   Attr      Idx    E Section Name        Object

    0x20008000        -       0x00008000   Zero   RW            1    RW_IRAM2.bss        anon$$obj.o


==============================================================================

Image component sizes


      Code (inc. data)   RO Data    RW Data    ZI Data      Debug   Object Name

        22          0          0          0          0     552306   app_subghz_phy.o
         0          0          0          0          0      10500   board_resources.o
        54          0          0          0          0      11610   dma.o
       156          4          0          0          0      26385   main.o
      4080        200        304          8        392      45814   radio.o
       204          0          0          0          0       5528   radio_board_if.o
      2604        294          0         12          0      44492   radio_driver.o
       224         14          0          0         56      35591   rtc.o
      1138         72          0         16        516      15886   smartfram_command.o
      1552        160         32          0        512      51048   smartfram_encryptionaes.o
      1030        184          0         25       4108      28915   smartfram_flashsys.o
       366         26          0          0          0       5878   smartfram_joinnetwork.o
       634         60          0          0        272       5113   smartfram_messeger.o
       244         20          0          6          0      25938   smartfram_sysinit.o
        36          8        312          0       2048        864   startup_stm32wl55xx_cm4.o
       696         74          0          0        792      10147   stm32_adv_trace.o
       148         24          0          8          0       3542   stm32_lpm.o
        64          4         24          0          0      16600   stm32_lpm_if.o
        14          0          0          0          0       1197   stm32_mem.o
       340         32         16         24        144       6226   stm32_seq.o
       106          6          0          0          0       5237   stm32_systime.o
       696         72          0          4          0      10870   stm32_timer.o
       576         12         77          8          0       4382   stm32_tiny_vsnprintf.o
        88         10          0         12          0      17107   stm32wlxx_hal.o
       192         14          0          0          0      34304   stm32wlxx_hal_cortex.o
      2590         50        240          0          0      20210   stm32wlxx_hal_cryp.o
      1166         52          0          0          0       9113   stm32wlxx_hal_dma.o
       352         48          0          0         24      25750   stm32wlxx_hal_flash.o
       196         26          0          0          0       4562   stm32wlxx_hal_flash_ex.o
       598         34          0          0          0       3722   stm32wlxx_hal_gpio.o
       226         22          0          0          0      13149   stm32wlxx_hal_msp.o
        88         12          0          0          0       1440   stm32wlxx_hal_pwr.o
       156         32          0          0          0       2804   stm32wlxx_hal_pwr_ex.o
      2446         84         28          0          0      51332   stm32wlxx_hal_rcc.o
       502          6          0          0          0      27592   stm32wlxx_hal_rcc_ex.o
       506          8          0          0          0       4799   stm32wlxx_hal_rng.o
       954         44          0          0          0       7781   stm32wlxx_hal_rtc.o
       210         28          0          0          0       5100   stm32wlxx_hal_rtc_ex.o
      1400         62          0          0          0      55417   stm32wlxx_hal_subghz.o
      3508        116         24          0          0      64414   stm32wlxx_hal_uart.o
       508         18          0          0          0       8037   stm32wlxx_hal_uart_ex.o
       104         38          0          0          0       8373   stm32wlxx_it.o
        74          4          0          0         12      12476   subghz.o
      1212        246          0          4        152      20047   subghz_phy_app.o
       340         32          0          0          0      43901   sys_app.o
         2          0        160          4          0       1557   system_stm32wlxx.o
       476         80         64          8          0      40768   timer_if.o
       372         26          0          0        240      13606   usart.o
       276         48         16         12          0      22521   usart_if.o

    ----------------------------------------------------------------------
     33606       2406       1332        156      42040    1443951   Object Totals
         0          0         32          0      32768          0   (incl. Generated)
        80          0          3          5          4          0   (incl. Padding)

    ----------------------------------------------------------------------

      Code (inc. data)   RO Data    RW Data    ZI Data      Debug   Library Member Name

         0          0          0          0          0          0   entry.o
         0          0          0          0          0          0   entry10a.o
         0          0          0          0          0          0   entry11a.o
         4          0          0          0          0          0   entry12b.o
         8          4          0          0          0          0   entry2.o
         4          0          0          0          0          0   entry5.o
         0          0          0          0          0          0   entry7b.o
         0          0          0          0          0          0   entry8b.o
         8          4          0          0          0          0   entry9a.o
        30          0          0          0          0          0   handlers.o
        36          8          0          0          0         68   init.o
         0          0          0          0          0          0   iusefp.o
        30          0          0          0          0         68   llshl.o
        36          0          0          0          0         68   llsshr.o
        32          0          0          0          0         68   llushr.o
        36          0          0          0          0         68   memcpya.o
        36          0          0          0          0        108   memseta.o
      2236         86          0          0          0        532   printfa.o
        36         10          0          4          0        136   rand.o
        14          0          0          0          0         68   strlen.o
        44          0          0          0          0         80   uidiv.o
        98          0          0          0          0         92   uldiv.o
        48          0          0          0          0         68   cdrcmple.o
       334          0          0          0          0        148   dadd.o
       222          0          0          0          0        100   ddiv.o
       186          0          0          0          0        176   depilogue.o
        48          0          0          0          0         68   dfixul.o
       228          0          0          0          0         96   dmul.o
        38          0          0          0          0         68   f2d.o
       124          0          0          0          0         88   fdiv.o
       110          0          0          0          0        168   fepilogue.o
        40          0          0          0          0         68   ffixui.o
        10          0          0          0          0         68   ffltui.o
       100          0          0          0          0         76   fmul.o
        24          0          0          0          0         68   fscalb.o

    ----------------------------------------------------------------------
      4206        112          0          4          0       2616   Library Totals
         6          0          0          0          0          0   (incl. Padding)

    ----------------------------------------------------------------------

      Code (inc. data)   RO Data    RW Data    ZI Data      Debug   Library Name

      2688        112          0          4          0       1356   mc_w.l
      1512          0          0          0          0       1260   mf_w.l

    ----------------------------------------------------------------------
      4206        112          0          4          0       2616   Library Totals

    ----------------------------------------------------------------------

==============================================================================


      Code (inc. data)   RO Data    RW Data    ZI Data      Debug   

     37812       2518       1332        160      42040    1422903   Grand Totals
     37812       2518       1332        160      42040    1422903   ELF Image Totals
     37812       2518       1332        160          0          0   ROM Totals

==============================================================================

    Total RO  Size (Code + RO Data)                39144 (  38.23kB)
    Total RW  Size (RW Data + ZI Data)             42200 (  41.21kB)
    Total ROM Size (Code + RO Data + RW Data)      39304 (  38.38kB)

==============================================================================

